rect http://nasc.nott.ac.uk/cgi-bin/w3-msql/mapmaker/synonyms.html 92,18 302,33
rect http://nasc.nott.ac.uk/cgi-bin/w3-msql/mapmaker/marker.html?marker=PDC1 250,90 327,103
rect http://nasc.nott.ac.uk/cgi-bin/w3-msql/mapmaker/marker.html?marker=BHB2 337,100 414,113
rect http://nasc.nott.ac.uk/cgi-bin/w3-msql/mapmaker/marker.html?marker=O5629 424,111 508,124
rect http://nasc.nott.ac.uk/cgi-bin/w3-msql/mapmaker/marker.html?marker=lax1 518,121 595,134
rect http://nasc.nott.ac.uk/cgi-bin/w3-msql/mapmaker/marker.html?marker=g3715 20,98 114,111
rect http://nasc.nott.ac.uk/cgi-bin/w3-msql/mapmaker/marker.html?marker=um515D 20,117 121,130
rect http://nasc.nott.ac.uk/cgi-bin/w3-msql/mapmaker/marker.html?marker=ctr1 20,136 107,149
rect http://nasc.nott.ac.uk/cgi-bin/w3-msql/mapmaker/marker.html?marker=GLU1 250,132 334,145
rect http://nasc.nott.ac.uk/cgi-bin/w3-msql/mapmaker/marker.html?marker=mi121 344,142 435,155
rect http://nasc.nott.ac.uk/cgi-bin/w3-msql/mapmaker/marker.html?marker=nga225 20,155 128,168
rect http://nasc.nott.ac.uk/cgi-bin/w3-msql/mapmaker/marker.html?marker=O6569 445,152 536,165
rect http://nasc.nott.ac.uk/cgi-bin/w3-msql/mapmaker/marker.html?marker=ASA1 546,163 630,176
rect http://nasc.nott.ac.uk/cgi-bin/w3-msql/mapmaker/marker.html?marker=nga158 20,174 128,187
rect http://nasc.nott.ac.uk/cgi-bin/w3-msql/mapmaker/marker.html?marker=m217 20,193 114,206
rect http://nasc.nott.ac.uk/cgi-bin/w3-msql/mapmaker/marker.html?marker=g3837 20,212 121,225
rect http://nasc.nott.ac.uk/cgi-bin/w3-msql/mapmaker/marker.html?marker=YAP169 250,173 348,186
rect http://nasc.nott.ac.uk/cgi-bin/w3-msql/mapmaker/marker.html?marker=n97067 358,184 456,197
rect http://nasc.nott.ac.uk/cgi-bin/w3-msql/mapmaker/marker.html?marker=mi97 20,231 114,244
rect http://nasc.nott.ac.uk/cgi-bin/w3-msql/mapmaker/marker.html?marker=PCP28 466,194 557,207
rect http://nasc.nott.ac.uk/cgi-bin/w3-msql/mapmaker/marker.html?marker=RO2 567,204 644,217
rect http://nasc.nott.ac.uk/cgi-bin/w3-msql/mapmaker/marker.html?marker=KG31 20,250 114,263
rect http://nasc.nott.ac.uk/cgi-bin/w3-msql/mapmaker/marker.html?marker=agp4e 250,215 341,228
rect http://nasc.nott.ac.uk/cgi-bin/w3-msql/mapmaker/marker.html?marker=U1 351,225 421,238
rect http://nasc.nott.ac.uk/cgi-bin/w3-msql/mapmaker/marker.html?marker=nga249 20,269 128,282
rect http://nasc.nott.ac.uk/cgi-bin/w3-msql/mapmaker/marker.html?marker=kiwi 431,236 515,249
rect http://nasc.nott.ac.uk/cgi-bin/w3-msql/mapmaker/marker.html?marker=Amyc1 525,246 616,259
rect http://nasc.nott.ac.uk/cgi-bin/w3-msql/mapmaker/marker.html?marker=ve033 20,288 121,301
rect http://nasc.nott.ac.uk/cgi-bin/w3-msql/mapmaker/marker.html?marker=ASN3 250,256 334,269
rect http://nasc.nott.ac.uk/cgi-bin/w3-msql/mapmaker/marker.html?marker=ASP3 344,267 428,280
rect http://nasc.nott.ac.uk/cgi-bin/w3-msql/mapmaker/marker.html?marker=CDs5 438,277 522,290
rect http://nasc.nott.ac.uk/cgi-bin/w3-msql/mapmaker/marker.html?marker=Aw12 532,288 616,301
rect http://nasc.nott.ac.uk/cgi-bin/w3-msql/mapmaker/marker.html?marker=Fur344_7 250,298 362,311
rect http://nasc.nott.ac.uk/cgi-bin/w3-msql/mapmaker/marker.html?marker=P104a 372,308 463,321
rect http://nasc.nott.ac.uk/cgi-bin/w3-msql/mapmaker/marker.html?marker=CHS 473,319 550,332
rect http://nasc.nott.ac.uk/cgi-bin/w3-msql/mapmaker/marker.html?marker=ca72 560,329 644,342
rect http://nasc.nott.ac.uk/cgi-bin/w3-msql/mapmaker/marker.html?marker=mi174 20,307 121,320
rect http://nasc.nott.ac.uk/cgi-bin/w3-msql/mapmaker/marker.html?marker=nga151 20,326 128,339
rect http://nasc.nott.ac.uk/cgi-bin/w3-msql/mapmaker/marker.html?marker=p5cr 250,340 334,353
rect http://nasc.nott.ac.uk/cgi-bin/w3-msql/mapmaker/marker.html?marker=GDH1 344,350 428,363
rect http://nasc.nott.ac.uk/cgi-bin/w3-msql/mapmaker/marker.html?marker=nga106 20,345 128,358
rect http://nasc.nott.ac.uk/cgi-bin/w3-msql/mapmaker/marker.html?marker=mi322 20,364 121,377
rect http://nasc.nott.ac.uk/cgi-bin/w3-msql/mapmaker/marker.html?marker=mi438 20,383 121,396
rect http://nasc.nott.ac.uk/cgi-bin/w3-msql/mapmaker/marker.html?marker=alr3 438,360 522,373
rect http://nasc.nott.ac.uk/cgi-bin/w3-msql/mapmaker/marker.html?marker=ASP2 532,371 616,384
rect http://nasc.nott.ac.uk/cgi-bin/w3-msql/mapmaker/marker.html?marker=agp25a 250,381 348,394
rect http://nasc.nott.ac.uk/cgi-bin/w3-msql/mapmaker/marker.html?marker=ve026 20,402 121,415
rect http://nasc.nott.ac.uk/cgi-bin/w3-msql/mapmaker/marker.html?marker=C1 20,421 100,434
rect http://nasc.nott.ac.uk/cgi-bin/w3-msql/mapmaker/marker.html?marker=g4560 20,439 121,452
rect http://nasc.nott.ac.uk/cgi-bin/w3-msql/mapmaker/marker.html?marker=TSL 20,458 107,471
rect http://nasc.nott.ac.uk/cgi-bin/w3-msql/mapmaker/marker.html?marker=r89998 358,392 456,405
rect http://nasc.nott.ac.uk/cgi-bin/w3-msql/mapmaker/marker.html?marker=mi138 20,477 121,490
rect http://nasc.nott.ac.uk/cgi-bin/w3-msql/mapmaker/marker.html?marker=GslbutAr 466,402 578,415
rect http://nasc.nott.ac.uk/cgi-bin/w3-msql/mapmaker/marker.html?marker=mi433 20,496 121,509
rect http://nasc.nott.ac.uk/cgi-bin/w3-msql/mapmaker/marker.html?marker=mi90 20,515 114,528
rect http://nasc.nott.ac.uk/cgi-bin/w3-msql/mapmaker/marker.html?marker=CR12 20,534 114,547
rect http://nasc.nott.ac.uk/cgi-bin/w3-msql/mapmaker/marker.html?marker=BP 588,412 658,425
rect http://nasc.nott.ac.uk/cgi-bin/w3-msql/mapmaker/marker.html?marker=Moco1 250,423 341,436
rect http://nasc.nott.ac.uk/cgi-bin/w3-msql/mapmaker/marker.html?marker=al29 351,433 435,446
rect http://nasc.nott.ac.uk/cgi-bin/w3-msql/mapmaker/marker.html?marker=m291 20,553 114,566
rect http://nasc.nott.ac.uk/cgi-bin/w3-msql/mapmaker/marker.html?marker=D4 445,444 515,457
rect http://nasc.nott.ac.uk/cgi-bin/w3-msql/mapmaker/marker.html?marker=aw22 525,454 609,467
rect http://nasc.nott.ac.uk/cgi-bin/w3-msql/mapmaker/marker.html?marker=g4556 20,572 121,585
rect http://nasc.nott.ac.uk/cgi-bin/w3-msql/mapmaker/marker.html?marker=nga139 20,591 128,604
rect http://nasc.nott.ac.uk/cgi-bin/w3-msql/mapmaker/marker.html?marker=B3 250,464 320,477
rect http://nasc.nott.ac.uk/cgi-bin/w3-msql/mapmaker/marker.html?marker=g4715b 20,610 128,623
rect http://nasc.nott.ac.uk/cgi-bin/w3-msql/mapmaker/marker.html?marker=pBSc2 330,475 421,488
rect http://nasc.nott.ac.uk/cgi-bin/w3-msql/mapmaker/marker.html?marker=mi219 20,629 121,642
rect http://nasc.nott.ac.uk/cgi-bin/w3-msql/mapmaker/marker.html?marker=g6843 20,648 121,661
rect http://nasc.nott.ac.uk/cgi-bin/w3-msql/mapmaker/marker.html?marker=AF3 431,485 508,498
rect http://nasc.nott.ac.uk/cgi-bin/w3-msql/mapmaker/marker.html?marker=Tn139 20,667 121,680
rect http://nasc.nott.ac.uk/cgi-bin/w3-msql/mapmaker/marker.html?marker=CATTS026 518,496 630,509
rect http://nasc.nott.ac.uk/cgi-bin/w3-msql/mapmaker/marker.html?marker=mi125 20,686 121,699
rect http://nasc.nott.ac.uk/cgi-bin/w3-msql/mapmaker/marker.html?marker=TOPP8 250,506 341,519
rect http://nasc.nott.ac.uk/cgi-bin/w3-msql/mapmaker/marker.html?marker=nga76 351,516 442,529
rect http://nasc.nott.ac.uk/cgi-bin/w3-msql/mapmaker/marker.html?marker=um579D 452,527 550,540
rect http://nasc.nott.ac.uk/cgi-bin/w3-msql/mapmaker/marker.html?marker=mi291b 20,705 128,718
rect http://nasc.nott.ac.uk/cgi-bin/w3-msql/mapmaker/marker.html?marker=CMs1 560,537 644,550
rect http://nasc.nott.ac.uk/cgi-bin/w3-msql/mapmaker/marker.html?marker=phyC 20,724 114,737
rect http://nasc.nott.ac.uk/cgi-bin/w3-msql/mapmaker/marker.html?marker=mi137 20,743 121,756
rect http://nasc.nott.ac.uk/cgi-bin/w3-msql/mapmaker/marker.html?marker=GRF3 250,548 334,561
rect http://nasc.nott.ac.uk/cgi-bin/w3-msql/mapmaker/marker.html?marker=gln2 344,558 428,571
rect http://nasc.nott.ac.uk/cgi-bin/w3-msql/mapmaker/marker.html?marker=gln2_2 438,568 536,581
rect http://nasc.nott.ac.uk/cgi-bin/w3-msql/mapmaker/marker.html?marker=RCEN5 546,579 637,592
rect http://nasc.nott.ac.uk/cgi-bin/w3-msql/mapmaker/marker.html?marker=gln1_1 250,589 348,602
rect http://nasc.nott.ac.uk/cgi-bin/w3-msql/mapmaker/marker.html?marker=CATTS019 358,600 470,613
rect http://nasc.nott.ac.uk/cgi-bin/w3-msql/mapmaker/marker.html?marker=RBCSB 480,610 571,623
rect http://nasc.nott.ac.uk/cgi-bin/w3-msql/mapmaker/marker.html?marker=PR5K 581,620 665,633
rect http://nasc.nott.ac.uk/cgi-bin/w3-msql/mapmaker/marker.html?marker=mi323 20,762 121,775
rect http://nasc.nott.ac.uk/cgi-bin/w3-msql/mapmaker/marker.html?marker=do 250,631 320,644
rect http://nasc.nott.ac.uk/cgi-bin/w3-msql/mapmaker/marker.html?marker=m247 20,781 114,794
rect http://nasc.nott.ac.uk/cgi-bin/w3-msql/mapmaker/marker.html?marker=VBVBC10 330,641 435,654
rect http://nasc.nott.ac.uk/cgi-bin/w3-msql/mapmaker/marker.html?marker=CR3 445,652 522,665
rect http://nasc.nott.ac.uk/cgi-bin/w3-msql/mapmaker/marker.html?marker=g4028 20,799 121,812
rect http://nasc.nott.ac.uk/cgi-bin/w3-msql/mapmaker/marker.html?marker=nlp 532,662 609,675
rect http://nasc.nott.ac.uk/cgi-bin/w3-msql/mapmaker/marker.html?marker=DFR 20,818 107,831
rect http://nasc.nott.ac.uk/cgi-bin/w3-msql/mapmaker/marker.html?marker=TRX3 250,672 334,685
rect http://nasc.nott.ac.uk/cgi-bin/w3-msql/mapmaker/marker.html?marker=C42 344,683 421,696
rect http://nasc.nott.ac.uk/cgi-bin/w3-msql/mapmaker/marker.html?marker=mi194 20,837 121,850
rect http://nasc.nott.ac.uk/cgi-bin/w3-msql/mapmaker/marker.html?marker=spl2 20,856 114,869
rect http://nasc.nott.ac.uk/cgi-bin/w3-msql/mapmaker/marker.html?marker=TOPP6 431,693 522,706
rect http://nasc.nott.ac.uk/cgi-bin/w3-msql/mapmaker/marker.html?marker=AC2 532,704 609,717
rect http://nasc.nott.ac.uk/cgi-bin/w3-msql/mapmaker/marker.html?marker=agp6 20,875 114,888
rect http://nasc.nott.ac.uk/cgi-bin/w3-msql/mapmaker/marker.html?marker=mi83 20,894 114,907
rect http://nasc.nott.ac.uk/cgi-bin/w3-msql/mapmaker/marker.html?marker=PAP548 250,714 348,727
rect http://nasc.nott.ac.uk/cgi-bin/w3-msql/mapmaker/marker.html?marker=t43968 358,724 456,737
rect http://nasc.nott.ac.uk/cgi-bin/w3-msql/mapmaker/marker.html?marker=mi423b 20,913 128,926
rect http://nasc.nott.ac.uk/cgi-bin/w3-msql/mapmaker/marker.html?marker=mi61 466,735 550,748
rect http://nasc.nott.ac.uk/cgi-bin/w3-msql/mapmaker/marker.html?marker=ve027 20,932 128,945
rect http://nasc.nott.ac.uk/cgi-bin/w3-msql/mapmaker/marker.html?marker=g13698 20,951 135,964
rect http://nasc.nott.ac.uk/cgi-bin/w3-msql/mapmaker/marker.html?marker=g2400 560,745 658,758
rect http://nasc.nott.ac.uk/cgi-bin/w3-msql/mapmaker/marker.html?marker=mi271 20,970 128,983
rect http://nasc.nott.ac.uk/cgi-bin/w3-msql/mapmaker/marker.html?marker=GF1 250,756 334,769
rect http://nasc.nott.ac.uk/cgi-bin/w3-msql/mapmaker/marker.html?marker=mi2 20,989 114,1002
rect http://nasc.nott.ac.uk/cgi-bin/w3-msql/mapmaker/marker.html?marker=nga129 344,766 449,779
rect http://nasc.nott.ac.uk/cgi-bin/w3-msql/mapmaker/marker.html?marker=PAP3 459,776 550,789
rect http://nasc.nott.ac.uk/cgi-bin/w3-msql/mapmaker/marker.html?marker=At2353 560,787 665,800
rect http://nasc.nott.ac.uk/cgi-bin/w3-msql/mapmaker/marker.html?marker=m435 20,1008 121,1021
rect http://nasc.nott.ac.uk/cgi-bin/w3-msql/mapmaker/marker.html?marker=m233 20,1027 121,1040
rect http://nasc.nott.ac.uk/cgi-bin/w3-msql/mapmaker/marker.html?marker=PDC2 250,797 341,810
rect http://nasc.nott.ac.uk/cgi-bin/w3-msql/mapmaker/marker.html?marker=hst 351,808 435,821
rect http://nasc.nott.ac.uk/cgi-bin/w3-msql/mapmaker/marker.html?marker=agp50 445,818 543,831
rect http://nasc.nott.ac.uk/cgi-bin/w3-msql/mapmaker/marker.html?marker=mi418 553,828 651,841
rect http://nasc.nott.ac.uk/cgi-bin/w3-msql/mapmaker/marker.html?marker=mi70 250,839 341,852
rect http://nasc.nott.ac.uk/cgi-bin/w3-msql/mapmaker/marker.html?marker=mi74a 351,849 449,862
rect http://nasc.nott.ac.uk/cgi-bin/w3-msql/mapmaker/marker.html?marker=Msi1 459,860 550,873
rect http://nasc.nott.ac.uk/cgi-bin/w3-msql/mapmaker/marker.html?marker=mi184 20,1046 128,1059
rect http://nasc.nott.ac.uk/cgi-bin/w3-msql/mapmaker/marker.html?marker=m558A 560,870 658,883
rect http://nasc.nott.ac.uk/cgi-bin/w3-msql/mapmaker/marker.html?marker=mi69 250,880 341,893
rect http://nasc.nott.ac.uk/cgi-bin/w3-msql/mapmaker/marker.html?marker=R250 351,891 442,904
rect http://nasc.nott.ac.uk/cgi-bin/w3-msql/mapmaker/marker.html?marker=SEP5A 20,1065 128,1078
rect http://nasc.nott.ac.uk/cgi-bin/w3-msql/mapmaker/marker.html?marker=g3791 452,901 550,914
rect http://nasc.nott.ac.uk/cgi-bin/w3-msql/mapmaker/marker.html?marker=FC20G4T7 560,912 679,925
rect http://nasc.nott.ac.uk/cgi-bin/w3-msql/mapmaker/marker.html?marker=TOPP2 250,922 348,935
rect http://nasc.nott.ac.uk/cgi-bin/w3-msql/mapmaker/marker.html?marker=emb514 358,932 463,945
rect http://nasc.nott.ac.uk/cgi-bin/w3-msql/mapmaker/marker.html?marker=LFY3 20,1084 121,1097
rect http://nasc.nott.ac.uk/cgi-bin/w3-msql/mapmaker/marker.html?marker=ATR3 473,943 564,956
rect http://nasc.nott.ac.uk/cgi-bin/w3-msql/mapmaker/marker.html?marker=m211A 20,1103 128,1116
rect http://nasc.nott.ac.uk/cgi-bin/w3-msql/mapmaker/marker.html?marker=GSA1 574,953 665,966
rect http://nasc.nott.ac.uk/cgi-bin/w3-msql/mapmaker/marker.html?marker=agp27e 250,964 355,977
rect http://nasc.nott.ac.uk/cgi-bin/w3-msql/mapmaker/marker.html?marker=agp11e 365,974 470,987
rect http://nasc.nott.ac.uk/cgi-bin/w3-msql/mapmaker/marker.html?marker=ve032 480,984 578,997
rect http://nasc.nott.ac.uk/cgi-bin/w3-msql/mapmaker/marker.html?marker=g2368 20,1122 128,1135
rect http://nasc.nott.ac.uk/cgi-bin/w3-msql/mapmaker/marker.html?marker=ASN2 588,995 679,1008
rect http://nasc.nott.ac.uk/cgi-bin/w3-msql/mapmaker/marker.html?marker=ve028 250,1005 348,1018
rect http://nasc.nott.ac.uk/cgi-bin/w3-msql/mapmaker/marker.html?marker=pHJ5 358,1016 449,1029
rect http://nasc.nott.ac.uk/cgi-bin/w3-msql/mapmaker/marker.html?marker=m37 459,1026 543,1039
rect http://nasc.nott.ac.uk/cgi-bin/w3-msql/mapmaker/marker.html?marker=ES724A_ 553,1036 665,1049
rect http://nasc.nott.ac.uk/cgi-bin/w3-msql/mapmaker/marker.html?marker=CATHHANK 250,1047 369,1060
rect http://nasc.nott.ac.uk/cgi-bin/w3-msql/mapmaker/marker.html?marker=AtPK41B 379,1057 491,1070
rect http://nasc.nott.ac.uk/cgi-bin/w3-msql/mapmaker/marker.html?marker=mi335 20,1141 128,1154
rect http://nasc.nott.ac.uk/cgi-bin/w3-msql/mapmaker/marker.html?marker=a5 501,1068 578,1081
rect http://nasc.nott.ac.uk/cgi-bin/w3-msql/mapmaker/marker.html?marker=GMD_1 588,1078 686,1091
rect http://nasc.nott.ac.uk/cgi-bin/w3-msql/mapmaker/marker.html?marker=m555 250,1088 341,1101
rect http://nasc.nott.ac.uk/cgi-bin/w3-msql/mapmaker/marker.html?marker=CD34_2 351,1099 456,1112
rect http://nasc.nott.ac.uk/cgi-bin/w3-msql/mapmaker/marker.html?marker=MS_2_1 466,1109 571,1122
rect http://nasc.nott.ac.uk/cgi-bin/w3-msql/mapmaker/marker.html?marker=BIO205 581,1120 686,1133
rect http://nasc.nott.ac.uk/cgi-bin/w3-msql/mapmaker/marker.html?marker=petH2 250,1130 348,1143
rect http://nasc.nott.ac.uk/cgi-bin/w3-msql/mapmaker/marker.html?marker=STL 358,1141 442,1154
