rect http://nasc.nott.ac.uk/cgi-bin/w3-msql/mapmaker/synonyms.html 92,18 302,33
rect http://nasc.nott.ac.uk/cgi-bin/w3-msql/mapmaker/marker.html?marker=RS10 250,88 327,101
rect http://nasc.nott.ac.uk/cgi-bin/w3-msql/mapmaker/marker.html?marker=ve001 337,96 421,109
rect http://nasc.nott.ac.uk/cgi-bin/w3-msql/mapmaker/marker.html?marker=PVV4 431,105 508,118
rect http://nasc.nott.ac.uk/cgi-bin/w3-msql/mapmaker/marker.html?marker=ACC2 518,113 595,126
rect http://nasc.nott.ac.uk/cgi-bin/w3-msql/mapmaker/marker.html?marker=nga59 250,122 334,135
rect http://nasc.nott.ac.uk/cgi-bin/w3-msql/mapmaker/marker.html?marker=ATEAT1 344,130 435,143
rect http://nasc.nott.ac.uk/cgi-bin/w3-msql/mapmaker/marker.html?marker=GST1 445,138 522,151
rect http://nasc.nott.ac.uk/cgi-bin/w3-msql/mapmaker/marker.html?marker=agp16 532,147 616,160
rect http://nasc.nott.ac.uk/cgi-bin/w3-msql/mapmaker/marker.html?marker=O846A 20,97 114,110
rect http://nasc.nott.ac.uk/cgi-bin/w3-msql/mapmaker/marker.html?marker=A32 250,155 320,168
rect http://nasc.nott.ac.uk/cgi-bin/w3-msql/mapmaker/marker.html?marker=ve002 330,164 414,177
rect http://nasc.nott.ac.uk/cgi-bin/w3-msql/mapmaker/marker.html?marker=SEP4E 424,172 508,185
rect http://nasc.nott.ac.uk/cgi-bin/w3-msql/mapmaker/marker.html?marker=A1 518,181 581,194
rect http://nasc.nott.ac.uk/cgi-bin/w3-msql/mapmaker/marker.html?marker=g4715a 20,115 121,128
rect http://nasc.nott.ac.uk/cgi-bin/w3-msql/mapmaker/marker.html?marker=m488 20,132 107,145
rect http://nasc.nott.ac.uk/cgi-bin/w3-msql/mapmaker/marker.html?marker=ve003 591,189 675,202
rect http://nasc.nott.ac.uk/cgi-bin/w3-msql/mapmaker/marker.html?marker=ve004 250,197 334,210
rect http://nasc.nott.ac.uk/cgi-bin/w3-msql/mapmaker/marker.html?marker=mi372 20,150 114,163
rect http://nasc.nott.ac.uk/cgi-bin/w3-msql/mapmaker/marker.html?marker=agp102 344,206 435,219
rect http://nasc.nott.ac.uk/cgi-bin/w3-msql/mapmaker/marker.html?marker=GT45_1 445,214 536,227
rect http://nasc.nott.ac.uk/cgi-bin/w3-msql/mapmaker/marker.html?marker=PAI1 546,223 623,236
rect http://nasc.nott.ac.uk/cgi-bin/w3-msql/mapmaker/marker.html?marker=po 250,231 313,244
rect http://nasc.nott.ac.uk/cgi-bin/w3-msql/mapmaker/marker.html?marker=apx1A 20,167 114,180
rect http://nasc.nott.ac.uk/cgi-bin/w3-msql/mapmaker/marker.html?marker=At136c 323,240 414,253
rect http://nasc.nott.ac.uk/cgi-bin/w3-msql/mapmaker/marker.html?marker=cSOD 424,248 501,261
rect http://nasc.nott.ac.uk/cgi-bin/w3-msql/mapmaker/marker.html?marker=mi100 511,256 595,269
rect http://nasc.nott.ac.uk/cgi-bin/w3-msql/mapmaker/marker.html?marker=phyA 250,265 327,278
rect http://nasc.nott.ac.uk/cgi-bin/w3-msql/mapmaker/marker.html?marker=m241A 20,185 114,198
rect http://nasc.nott.ac.uk/cgi-bin/w3-msql/mapmaker/marker.html?marker=mi443 20,202 114,215
rect http://nasc.nott.ac.uk/cgi-bin/w3-msql/mapmaker/marker.html?marker=ve005 337,273 421,286
rect http://nasc.nott.ac.uk/cgi-bin/w3-msql/mapmaker/marker.html?marker=nga63 431,282 515,295
rect http://nasc.nott.ac.uk/cgi-bin/w3-msql/mapmaker/marker.html?marker=CDs14 525,290 609,303
rect http://nasc.nott.ac.uk/cgi-bin/w3-msql/mapmaker/marker.html?marker=BFN1 250,298 327,311
rect http://nasc.nott.ac.uk/cgi-bin/w3-msql/mapmaker/marker.html?marker=hma2 337,307 414,320
rect http://nasc.nott.ac.uk/cgi-bin/w3-msql/mapmaker/marker.html?marker=ATTS0477 20,220 142,233
rect http://nasc.nott.ac.uk/cgi-bin/w3-msql/mapmaker/marker.html?marker=agp20e 424,315 522,328
rect http://nasc.nott.ac.uk/cgi-bin/w3-msql/mapmaker/marker.html?marker=NCC1 532,324 616,337
rect http://nasc.nott.ac.uk/cgi-bin/w3-msql/mapmaker/marker.html?marker=pC1 250,332 327,345
rect http://nasc.nott.ac.uk/cgi-bin/w3-msql/mapmaker/marker.html?marker=pC2 337,341 414,354
rect http://nasc.nott.ac.uk/cgi-bin/w3-msql/mapmaker/marker.html?marker=CDs7 424,349 508,362
rect http://nasc.nott.ac.uk/cgi-bin/w3-msql/mapmaker/marker.html?marker=ve006 518,357 609,370
rect http://nasc.nott.ac.uk/cgi-bin/w3-msql/mapmaker/marker.html?marker=O818 250,366 334,379
rect http://nasc.nott.ac.uk/cgi-bin/w3-msql/mapmaker/marker.html?marker=EG17G9 20,237 128,250
rect http://nasc.nott.ac.uk/cgi-bin/w3-msql/mapmaker/marker.html?marker=g3786 344,374 435,387
rect http://nasc.nott.ac.uk/cgi-bin/w3-msql/mapmaker/marker.html?marker=ve007 20,255 121,268
rect http://nasc.nott.ac.uk/cgi-bin/w3-msql/mapmaker/marker.html?marker=chibi2 445,383 543,396
rect http://nasc.nott.ac.uk/cgi-bin/w3-msql/mapmaker/marker.html?marker=mi348 20,272 121,285
rect http://nasc.nott.ac.uk/cgi-bin/w3-msql/mapmaker/marker.html?marker=PGDH 553,391 637,404
rect http://nasc.nott.ac.uk/cgi-bin/w3-msql/mapmaker/marker.html?marker=mi113 20,290 121,303
rect http://nasc.nott.ac.uk/cgi-bin/w3-msql/mapmaker/marker.html?marker=ve036 250,400 341,413
rect http://nasc.nott.ac.uk/cgi-bin/w3-msql/mapmaker/marker.html?marker=Y3 351,408 421,421
rect http://nasc.nott.ac.uk/cgi-bin/w3-msql/mapmaker/marker.html?marker=E12A11_E 431,416 543,429
rect http://nasc.nott.ac.uk/cgi-bin/w3-msql/mapmaker/marker.html?marker=f15571 553,425 651,438
rect http://nasc.nott.ac.uk/cgi-bin/w3-msql/mapmaker/marker.html?marker=LK138 250,433 341,446
rect http://nasc.nott.ac.uk/cgi-bin/w3-msql/mapmaker/marker.html?marker=wak1 351,442 435,455
rect http://nasc.nott.ac.uk/cgi-bin/w3-msql/mapmaker/marker.html?marker=mi203 20,307 121,320
rect http://nasc.nott.ac.uk/cgi-bin/w3-msql/mapmaker/marker.html?marker=laf100 445,450 543,463
rect http://nasc.nott.ac.uk/cgi-bin/w3-msql/mapmaker/marker.html?marker=pC3 553,458 630,471
rect http://nasc.nott.ac.uk/cgi-bin/w3-msql/mapmaker/marker.html?marker=g3829 250,467 341,480
rect http://nasc.nott.ac.uk/cgi-bin/w3-msql/mapmaker/marker.html?marker=pFNR 351,475 435,488
rect http://nasc.nott.ac.uk/cgi-bin/w3-msql/mapmaker/marker.html?marker=CAT3 445,484 529,497
rect http://nasc.nott.ac.uk/cgi-bin/w3-msql/mapmaker/marker.html?marker=DHS3 539,492 623,505
rect http://nasc.nott.ac.uk/cgi-bin/w3-msql/mapmaker/marker.html?marker=frohc 250,501 341,514
rect http://nasc.nott.ac.uk/cgi-bin/w3-msql/mapmaker/marker.html?marker=m235 20,325 114,338
rect http://nasc.nott.ac.uk/cgi-bin/w3-msql/mapmaker/marker.html?marker=wx5 351,509 428,522
rect http://nasc.nott.ac.uk/cgi-bin/w3-msql/mapmaker/marker.html?marker=JD1110 438,517 536,530
rect http://nasc.nott.ac.uk/cgi-bin/w3-msql/mapmaker/marker.html?marker=ve037 546,526 637,539
rect http://nasc.nott.ac.uk/cgi-bin/w3-msql/mapmaker/marker.html?marker=mi265 20,342 121,355
rect http://nasc.nott.ac.uk/cgi-bin/w3-msql/mapmaker/marker.html?marker=CEG1 250,534 334,547
rect http://nasc.nott.ac.uk/cgi-bin/w3-msql/mapmaker/marker.html?marker=mi163 20,360 121,373
rect http://nasc.nott.ac.uk/cgi-bin/w3-msql/mapmaker/marker.html?marker=CERX_2 344,543 442,556
rect http://nasc.nott.ac.uk/cgi-bin/w3-msql/mapmaker/marker.html?marker=CERX_1 452,551 550,564
rect http://nasc.nott.ac.uk/cgi-bin/w3-msql/mapmaker/marker.html?marker=CERX 560,560 644,573
rect http://nasc.nott.ac.uk/cgi-bin/w3-msql/mapmaker/marker.html?marker=ve095 250,568 341,581
rect http://nasc.nott.ac.uk/cgi-bin/w3-msql/mapmaker/marker.html?marker=R64 351,576 428,589
rect http://nasc.nott.ac.uk/cgi-bin/w3-msql/mapmaker/marker.html?marker=L3 20,377 100,390
rect http://nasc.nott.ac.uk/cgi-bin/w3-msql/mapmaker/marker.html?marker=ve008 438,585 529,598
rect http://nasc.nott.ac.uk/cgi-bin/w3-msql/mapmaker/marker.html?marker=mi62 20,395 114,408
rect http://nasc.nott.ac.uk/cgi-bin/w3-msql/mapmaker/marker.html?marker=mi15 20,412 114,425
rect http://nasc.nott.ac.uk/cgi-bin/w3-msql/mapmaker/marker.html?marker=mi111 20,430 121,443
rect http://nasc.nott.ac.uk/cgi-bin/w3-msql/mapmaker/marker.html?marker=mi192 20,447 121,460
rect http://nasc.nott.ac.uk/cgi-bin/w3-msql/mapmaker/marker.html?marker=ve094 539,593 630,606
rect http://nasc.nott.ac.uk/cgi-bin/w3-msql/mapmaker/marker.html?marker=mi116 20,465 121,478
rect http://nasc.nott.ac.uk/cgi-bin/w3-msql/mapmaker/marker.html?marker=nga248 250,602 348,615
rect http://nasc.nott.ac.uk/cgi-bin/w3-msql/mapmaker/marker.html?marker=Fur12F12 358,610 470,623
rect http://nasc.nott.ac.uk/cgi-bin/w3-msql/mapmaker/marker.html?marker=I42 480,618 557,631
rect http://nasc.nott.ac.uk/cgi-bin/w3-msql/mapmaker/marker.html?marker=CDs12 20,482 121,495
rect http://nasc.nott.ac.uk/cgi-bin/w3-msql/mapmaker/marker.html?marker=CATTS039 567,627 679,640
rect http://nasc.nott.ac.uk/cgi-bin/w3-msql/mapmaker/marker.html?marker=Athb_9 250,635 348,648
rect http://nasc.nott.ac.uk/cgi-bin/w3-msql/mapmaker/marker.html?marker=UFO 358,644 435,657
rect http://nasc.nott.ac.uk/cgi-bin/w3-msql/mapmaker/marker.html?marker=ACBP 445,652 529,665
rect http://nasc.nott.ac.uk/cgi-bin/w3-msql/mapmaker/marker.html?marker=ve009 20,500 121,513
rect http://nasc.nott.ac.uk/cgi-bin/w3-msql/mapmaker/marker.html?marker=m254A 20,517 121,530
rect http://nasc.nott.ac.uk/cgi-bin/w3-msql/mapmaker/marker.html?marker=P39B2T7 539,661 644,674
rect http://nasc.nott.ac.uk/cgi-bin/w3-msql/mapmaker/marker.html?marker=m253 20,535 114,548
rect http://nasc.nott.ac.uk/cgi-bin/w3-msql/mapmaker/marker.html?marker=ve010 250,669 341,682
rect http://nasc.nott.ac.uk/cgi-bin/w3-msql/mapmaker/marker.html?marker=mi423a 20,552 128,565
rect http://nasc.nott.ac.uk/cgi-bin/w3-msql/mapmaker/marker.html?marker=AIG1 351,677 435,690
rect http://nasc.nott.ac.uk/cgi-bin/w3-msql/mapmaker/marker.html?marker=RPS18B 445,686 543,699
rect http://nasc.nott.ac.uk/cgi-bin/w3-msql/mapmaker/marker.html?marker=C456_6 553,694 651,707
rect http://nasc.nott.ac.uk/cgi-bin/w3-msql/mapmaker/marker.html?marker=mi63 20,570 114,583
rect http://nasc.nott.ac.uk/cgi-bin/w3-msql/mapmaker/marker.html?marker=mi19 20,587 114,600
rect http://nasc.nott.ac.uk/cgi-bin/w3-msql/mapmaker/marker.html?marker=agp6e 250,703 341,716
rect http://nasc.nott.ac.uk/cgi-bin/w3-msql/mapmaker/marker.html?marker=mi342 20,605 121,618
rect http://nasc.nott.ac.uk/cgi-bin/w3-msql/mapmaker/marker.html?marker=jcc3 351,711 435,724
rect http://nasc.nott.ac.uk/cgi-bin/w3-msql/mapmaker/marker.html?marker=EKRIV 445,720 536,733
rect http://nasc.nott.ac.uk/cgi-bin/w3-msql/mapmaker/marker.html?marker=RCEN1 546,728 637,741
rect http://nasc.nott.ac.uk/cgi-bin/w3-msql/mapmaker/marker.html?marker=intel1_1 250,736 362,749
rect http://nasc.nott.ac.uk/cgi-bin/w3-msql/mapmaker/marker.html?marker=mi133 20,622 121,635
rect http://nasc.nott.ac.uk/cgi-bin/w3-msql/mapmaker/marker.html?marker=GAPB 372,745 456,758
rect http://nasc.nott.ac.uk/cgi-bin/w3-msql/mapmaker/marker.html?marker=T27K12 466,753 564,766
rect http://nasc.nott.ac.uk/cgi-bin/w3-msql/mapmaker/marker.html?marker=mi72 20,640 114,653
rect http://nasc.nott.ac.uk/cgi-bin/w3-msql/mapmaker/marker.html?marker=GRF2 574,762 658,775
rect http://nasc.nott.ac.uk/cgi-bin/w3-msql/mapmaker/marker.html?marker=GRF4 250,770 334,783
rect http://nasc.nott.ac.uk/cgi-bin/w3-msql/mapmaker/marker.html?marker=GRF1 344,778 428,791
rect http://nasc.nott.ac.uk/cgi-bin/w3-msql/mapmaker/marker.html?marker=mi291a 20,657 128,670
rect http://nasc.nott.ac.uk/cgi-bin/w3-msql/mapmaker/marker.html?marker=mi441 20,675 121,688
rect http://nasc.nott.ac.uk/cgi-bin/w3-msql/mapmaker/marker.html?marker=agp25b 438,787 536,800
rect http://nasc.nott.ac.uk/cgi-bin/w3-msql/mapmaker/marker.html?marker=mi208 20,692 121,705
rect http://nasc.nott.ac.uk/cgi-bin/w3-msql/mapmaker/marker.html?marker=JD4818 546,795 644,808
rect http://nasc.nott.ac.uk/cgi-bin/w3-msql/mapmaker/marker.html?marker=MS_1_1 250,804 348,817
rect http://nasc.nott.ac.uk/cgi-bin/w3-msql/mapmaker/marker.html?marker=mi106 20,710 121,723
rect http://nasc.nott.ac.uk/cgi-bin/w3-msql/mapmaker/marker.html?marker=p4 20,727 100,740
rect http://nasc.nott.ac.uk/cgi-bin/w3-msql/mapmaker/marker.html?marker=m213 20,745 114,758
rect http://nasc.nott.ac.uk/cgi-bin/w3-msql/mapmaker/marker.html?marker=MYAC 358,812 442,825
rect http://nasc.nott.ac.uk/cgi-bin/w3-msql/mapmaker/marker.html?marker=RL6 452,821 529,834
rect http://nasc.nott.ac.uk/cgi-bin/w3-msql/mapmaker/marker.html?marker=spl4 539,829 623,842
rect http://nasc.nott.ac.uk/cgi-bin/w3-msql/mapmaker/marker.html?marker=PAP240 250,837 348,850
rect http://nasc.nott.ac.uk/cgi-bin/w3-msql/mapmaker/marker.html?marker=APK100 358,846 456,859
rect http://nasc.nott.ac.uk/cgi-bin/w3-msql/mapmaker/marker.html?marker=tst1 466,854 550,867
rect http://nasc.nott.ac.uk/cgi-bin/w3-msql/mapmaker/marker.html?marker=Lox1 560,863 644,876
rect http://nasc.nott.ac.uk/cgi-bin/w3-msql/mapmaker/marker.html?marker=mi209 20,762 121,775
rect http://nasc.nott.ac.uk/cgi-bin/w3-msql/mapmaker/marker.html?marker=nga280 250,871 348,884
rect http://nasc.nott.ac.uk/cgi-bin/w3-msql/mapmaker/marker.html?marker=nga128 358,880 456,893
rect http://nasc.nott.ac.uk/cgi-bin/w3-msql/mapmaker/marker.html?marker=ANUK41 466,888 564,901
rect http://nasc.nott.ac.uk/cgi-bin/w3-msql/mapmaker/marker.html?marker=hma1 574,896 658,909
rect http://nasc.nott.ac.uk/cgi-bin/w3-msql/mapmaker/marker.html?marker=mi303 20,780 121,793
rect http://nasc.nott.ac.uk/cgi-bin/w3-msql/mapmaker/marker.html?marker=M81A7T7 250,905 355,918
rect http://nasc.nott.ac.uk/cgi-bin/w3-msql/mapmaker/marker.html?marker=CDs10 365,913 456,926
rect http://nasc.nott.ac.uk/cgi-bin/w3-msql/mapmaker/marker.html?marker=B34 466,922 543,935
rect http://nasc.nott.ac.uk/cgi-bin/w3-msql/mapmaker/marker.html?marker=AtSki2 553,930 651,943
rect http://nasc.nott.ac.uk/cgi-bin/w3-msql/mapmaker/marker.html?marker=ATHGENEA 250,938 362,951
rect http://nasc.nott.ac.uk/cgi-bin/w3-msql/mapmaker/marker.html?marker=FD 372,947 442,960
rect http://nasc.nott.ac.uk/cgi-bin/w3-msql/mapmaker/marker.html?marker=mi259 20,797 121,810
rect http://nasc.nott.ac.uk/cgi-bin/w3-msql/mapmaker/marker.html?marker=mi408 20,815 121,828
rect http://nasc.nott.ac.uk/cgi-bin/w3-msql/mapmaker/marker.html?marker=mi230 20,832 121,845
rect http://nasc.nott.ac.uk/cgi-bin/w3-msql/mapmaker/marker.html?marker=mi304 20,850 121,863
rect http://nasc.nott.ac.uk/cgi-bin/w3-msql/mapmaker/marker.html?marker=g4026 20,867 121,880
rect http://nasc.nott.ac.uk/cgi-bin/w3-msql/mapmaker/marker.html?marker=agp1e 452,955 543,968
rect http://nasc.nott.ac.uk/cgi-bin/w3-msql/mapmaker/marker.html?marker=AS33 553,964 637,977
rect http://nasc.nott.ac.uk/cgi-bin/w3-msql/mapmaker/marker.html?marker=mi324 20,885 121,898
rect http://nasc.nott.ac.uk/cgi-bin/w3-msql/mapmaker/marker.html?marker=mi353 20,902 121,915
rect http://nasc.nott.ac.uk/cgi-bin/w3-msql/mapmaker/marker.html?marker=MW1 250,972 327,985
rect http://nasc.nott.ac.uk/cgi-bin/w3-msql/mapmaker/marker.html?marker=pbs100 337,981 435,994
rect http://nasc.nott.ac.uk/cgi-bin/w3-msql/mapmaker/marker.html?marker=mi424 20,920 121,933
rect http://nasc.nott.ac.uk/cgi-bin/w3-msql/mapmaker/marker.html?marker=GT13_1 445,989 543,1002
rect http://nasc.nott.ac.uk/cgi-bin/w3-msql/mapmaker/marker.html?marker=cyp86 553,997 644,1010
rect http://nasc.nott.ac.uk/cgi-bin/w3-msql/mapmaker/marker.html?marker=TOPP3 250,1006 341,1019
rect http://nasc.nott.ac.uk/cgi-bin/w3-msql/mapmaker/marker.html?marker=m315 20,937 114,950
rect http://nasc.nott.ac.uk/cgi-bin/w3-msql/mapmaker/marker.html?marker=CDs8 351,1014 435,1027
rect http://nasc.nott.ac.uk/cgi-bin/w3-msql/mapmaker/marker.html?marker=mi185 20,955 121,968
rect http://nasc.nott.ac.uk/cgi-bin/w3-msql/mapmaker/marker.html?marker=mi193 20,972 121,985
rect http://nasc.nott.ac.uk/cgi-bin/w3-msql/mapmaker/marker.html?marker=pCITf117 20,990 149,1003
rect http://nasc.nott.ac.uk/cgi-bin/w3-msql/mapmaker/marker.html?marker=g4552 20,1007 128,1020
rect http://nasc.nott.ac.uk/cgi-bin/w3-msql/mapmaker/marker.html?marker=G39h2 445,1023 543,1036
rect http://nasc.nott.ac.uk/cgi-bin/w3-msql/mapmaker/marker.html?marker=bowman 553,1031 658,1044
rect http://nasc.nott.ac.uk/cgi-bin/w3-msql/mapmaker/marker.html?marker=Tag1 20,1025 121,1038
rect http://nasc.nott.ac.uk/cgi-bin/w3-msql/mapmaker/marker.html?marker=SBG9 250,1040 341,1053
rect http://nasc.nott.ac.uk/cgi-bin/w3-msql/mapmaker/marker.html?marker=Athb13 351,1048 456,1061
rect http://nasc.nott.ac.uk/cgi-bin/w3-msql/mapmaker/marker.html?marker=mi462 20,1042 128,1055
rect http://nasc.nott.ac.uk/cgi-bin/w3-msql/mapmaker/marker.html?marker=mi103 20,1060 128,1073
rect http://nasc.nott.ac.uk/cgi-bin/w3-msql/mapmaker/marker.html?marker=ATTS0251 466,1056 585,1069
rect http://nasc.nott.ac.uk/cgi-bin/w3-msql/mapmaker/marker.html?marker=c12 595,1065 679,1078
rect http://nasc.nott.ac.uk/cgi-bin/w3-msql/mapmaker/marker.html?marker=PKNAT_22 20,1077 149,1090
rect http://nasc.nott.ac.uk/cgi-bin/w3-msql/mapmaker/marker.html?marker=m453A 250,1073 348,1086
rect http://nasc.nott.ac.uk/cgi-bin/w3-msql/mapmaker/marker.html?marker=PAB5 358,1082 449,1095
rect http://nasc.nott.ac.uk/cgi-bin/w3-msql/mapmaker/marker.html?marker=nga111 459,1090 564,1103
rect http://nasc.nott.ac.uk/cgi-bin/w3-msql/mapmaker/marker.html?marker=h77224 574,1098 679,1111
rect http://nasc.nott.ac.uk/cgi-bin/w3-msql/mapmaker/marker.html?marker=z13G 250,1107 341,1120
rect http://nasc.nott.ac.uk/cgi-bin/w3-msql/mapmaker/marker.html?marker=mi425 20,1095 128,1108
rect http://nasc.nott.ac.uk/cgi-bin/w3-msql/mapmaker/marker.html?marker=PR5 20,1112 114,1125
rect http://nasc.nott.ac.uk/cgi-bin/w3-msql/mapmaker/marker.html?marker=ADH 351,1115 435,1128
rect http://nasc.nott.ac.uk/cgi-bin/w3-msql/mapmaker/marker.html?marker=m532 20,1130 121,1143
rect http://nasc.nott.ac.uk/cgi-bin/w3-msql/mapmaker/marker.html?marker=ATskp1 445,1124 550,1137
rect http://nasc.nott.ac.uk/cgi-bin/w3-msql/mapmaker/marker.html?marker=I6 560,1132 637,1145
rect http://nasc.nott.ac.uk/cgi-bin/w3-msql/mapmaker/marker.html?marker=ATHATPAS 250,1141 369,1154
rect http://nasc.nott.ac.uk/cgi-bin/w3-msql/mapmaker/marker.html?marker=pPC8.94 379,1149 491,1162
rect http://nasc.nott.ac.uk/cgi-bin/w3-msql/mapmaker/marker.html?marker=DHA 501,1157 585,1170
rect http://nasc.nott.ac.uk/cgi-bin/w3-msql/mapmaker/marker.html?marker=ve011 595,1166 693,1179
rect http://nasc.nott.ac.uk/cgi-bin/w3-msql/mapmaker/marker.html?marker=agp15e 250,1174 355,1187
rect http://nasc.nott.ac.uk/cgi-bin/w3-msql/mapmaker/marker.html?marker=agp64 365,1183 463,1196
rect http://nasc.nott.ac.uk/cgi-bin/w3-msql/mapmaker/marker.html?marker=ve043 20,1147 128,1160
rect http://nasc.nott.ac.uk/cgi-bin/w3-msql/mapmaker/marker.html?marker=m132A 20,1165 128,1178
rect http://nasc.nott.ac.uk/cgi-bin/w3-msql/mapmaker/marker.html?marker=mi157 20,1182 128,1195
rect http://nasc.nott.ac.uk/cgi-bin/w3-msql/mapmaker/marker.html?marker=g17311 20,1200 135,1213
rect http://nasc.nott.ac.uk/cgi-bin/w3-msql/mapmaker/marker.html?marker=petE 473,1191 564,1204
rect http://nasc.nott.ac.uk/cgi-bin/w3-msql/mapmaker/marker.html?marker=pAtT32CX 574,1200 693,1213
