rect http://nasc.nott.ac.uk/cgi-bin/w3-msql/mapmaker/synonyms.html 92,18 302,33
rect http://nasc.nott.ac.uk/cgi-bin/w3-msql/mapmaker/marker.html?marker=PDC1 250,89 327,102
rect http://nasc.nott.ac.uk/cgi-bin/w3-msql/mapmaker/marker.html?marker=BHB2 337,99 414,112
rect http://nasc.nott.ac.uk/cgi-bin/w3-msql/mapmaker/marker.html?marker=O5629 424,109 508,122
rect http://nasc.nott.ac.uk/cgi-bin/w3-msql/mapmaker/marker.html?marker=lax1 518,119 595,132
rect http://nasc.nott.ac.uk/cgi-bin/w3-msql/mapmaker/marker.html?marker=g3715 20,98 114,111
rect http://nasc.nott.ac.uk/cgi-bin/w3-msql/mapmaker/marker.html?marker=um515D 20,117 121,130
rect http://nasc.nott.ac.uk/cgi-bin/w3-msql/mapmaker/marker.html?marker=ctr1 20,136 107,149
rect http://nasc.nott.ac.uk/cgi-bin/w3-msql/mapmaker/marker.html?marker=GLU1 250,129 334,142
rect http://nasc.nott.ac.uk/cgi-bin/w3-msql/mapmaker/marker.html?marker=mi121 344,139 435,152
rect http://nasc.nott.ac.uk/cgi-bin/w3-msql/mapmaker/marker.html?marker=nga225 20,155 128,168
rect http://nasc.nott.ac.uk/cgi-bin/w3-msql/mapmaker/marker.html?marker=O6569 445,149 536,162
rect http://nasc.nott.ac.uk/cgi-bin/w3-msql/mapmaker/marker.html?marker=ASA1 546,159 630,172
rect http://nasc.nott.ac.uk/cgi-bin/w3-msql/mapmaker/marker.html?marker=nga158 20,174 128,187
rect http://nasc.nott.ac.uk/cgi-bin/w3-msql/mapmaker/marker.html?marker=m217 20,193 114,206
rect http://nasc.nott.ac.uk/cgi-bin/w3-msql/mapmaker/marker.html?marker=g3837 20,212 121,225
rect http://nasc.nott.ac.uk/cgi-bin/w3-msql/mapmaker/marker.html?marker=YAP169 250,169 348,182
rect http://nasc.nott.ac.uk/cgi-bin/w3-msql/mapmaker/marker.html?marker=n97067 358,179 456,192
rect http://nasc.nott.ac.uk/cgi-bin/w3-msql/mapmaker/marker.html?marker=mi97 20,231 114,244
rect http://nasc.nott.ac.uk/cgi-bin/w3-msql/mapmaker/marker.html?marker=PCP28 466,189 557,202
rect http://nasc.nott.ac.uk/cgi-bin/w3-msql/mapmaker/marker.html?marker=RO2 567,198 644,211
rect http://nasc.nott.ac.uk/cgi-bin/w3-msql/mapmaker/marker.html?marker=KG31 20,250 114,263
rect http://nasc.nott.ac.uk/cgi-bin/w3-msql/mapmaker/marker.html?marker=agp4e 250,208 341,221
rect http://nasc.nott.ac.uk/cgi-bin/w3-msql/mapmaker/marker.html?marker=U1 351,218 421,231
rect http://nasc.nott.ac.uk/cgi-bin/w3-msql/mapmaker/marker.html?marker=nga249 20,269 128,282
rect http://nasc.nott.ac.uk/cgi-bin/w3-msql/mapmaker/marker.html?marker=Amyc1 431,228 522,241
rect http://nasc.nott.ac.uk/cgi-bin/w3-msql/mapmaker/marker.html?marker=kiwi 532,238 616,251
rect http://nasc.nott.ac.uk/cgi-bin/w3-msql/mapmaker/marker.html?marker=ve033 20,288 121,301
rect http://nasc.nott.ac.uk/cgi-bin/w3-msql/mapmaker/marker.html?marker=ASN3 250,248 334,261
rect http://nasc.nott.ac.uk/cgi-bin/w3-msql/mapmaker/marker.html?marker=ASP3 344,258 428,271
rect http://nasc.nott.ac.uk/cgi-bin/w3-msql/mapmaker/marker.html?marker=CDs5 438,268 522,281
rect http://nasc.nott.ac.uk/cgi-bin/w3-msql/mapmaker/marker.html?marker=Aw12 532,278 616,291
rect http://nasc.nott.ac.uk/cgi-bin/w3-msql/mapmaker/marker.html?marker=Fur344_7 250,288 362,301
rect http://nasc.nott.ac.uk/cgi-bin/w3-msql/mapmaker/marker.html?marker=P104a 372,298 463,311
rect http://nasc.nott.ac.uk/cgi-bin/w3-msql/mapmaker/marker.html?marker=lk292 473,308 564,321
rect http://nasc.nott.ac.uk/cgi-bin/w3-msql/mapmaker/marker.html?marker=CHS 574,317 651,330
rect http://nasc.nott.ac.uk/cgi-bin/w3-msql/mapmaker/marker.html?marker=ca72 250,327 334,340
rect http://nasc.nott.ac.uk/cgi-bin/w3-msql/mapmaker/marker.html?marker=mi174 20,307 121,320
rect http://nasc.nott.ac.uk/cgi-bin/w3-msql/mapmaker/marker.html?marker=nga151 20,326 128,339
rect http://nasc.nott.ac.uk/cgi-bin/w3-msql/mapmaker/marker.html?marker=p5cr 344,337 428,350
rect http://nasc.nott.ac.uk/cgi-bin/w3-msql/mapmaker/marker.html?marker=GDH1 438,347 522,360
rect http://nasc.nott.ac.uk/cgi-bin/w3-msql/mapmaker/marker.html?marker=nga106 20,345 128,358
rect http://nasc.nott.ac.uk/cgi-bin/w3-msql/mapmaker/marker.html?marker=mi322 20,364 121,377
rect http://nasc.nott.ac.uk/cgi-bin/w3-msql/mapmaker/marker.html?marker=mi438 20,383 121,396
rect http://nasc.nott.ac.uk/cgi-bin/w3-msql/mapmaker/marker.html?marker=alr3 532,357 616,370
rect http://nasc.nott.ac.uk/cgi-bin/w3-msql/mapmaker/marker.html?marker=ASP2 250,367 334,380
rect http://nasc.nott.ac.uk/cgi-bin/w3-msql/mapmaker/marker.html?marker=agp25a 344,377 442,390
rect http://nasc.nott.ac.uk/cgi-bin/w3-msql/mapmaker/marker.html?marker=ve026 20,402 121,415
rect http://nasc.nott.ac.uk/cgi-bin/w3-msql/mapmaker/marker.html?marker=C1 20,421 100,434
rect http://nasc.nott.ac.uk/cgi-bin/w3-msql/mapmaker/marker.html?marker=g4560 20,439 121,452
rect http://nasc.nott.ac.uk/cgi-bin/w3-msql/mapmaker/marker.html?marker=TSL 20,458 107,471
rect http://nasc.nott.ac.uk/cgi-bin/w3-msql/mapmaker/marker.html?marker=r89998 452,387 550,400
rect http://nasc.nott.ac.uk/cgi-bin/w3-msql/mapmaker/marker.html?marker=mi138 20,477 121,490
rect http://nasc.nott.ac.uk/cgi-bin/w3-msql/mapmaker/marker.html?marker=GslbutAr 560,397 672,410
rect http://nasc.nott.ac.uk/cgi-bin/w3-msql/mapmaker/marker.html?marker=mi433 20,496 121,509
rect http://nasc.nott.ac.uk/cgi-bin/w3-msql/mapmaker/marker.html?marker=mi90 20,515 114,528
rect http://nasc.nott.ac.uk/cgi-bin/w3-msql/mapmaker/marker.html?marker=CR12 20,534 114,547
rect http://nasc.nott.ac.uk/cgi-bin/w3-msql/mapmaker/marker.html?marker=BP 250,407 320,420
rect http://nasc.nott.ac.uk/cgi-bin/w3-msql/mapmaker/marker.html?marker=Moco1 330,417 421,430
rect http://nasc.nott.ac.uk/cgi-bin/w3-msql/mapmaker/marker.html?marker=al29 431,427 515,440
rect http://nasc.nott.ac.uk/cgi-bin/w3-msql/mapmaker/marker.html?marker=m291 20,553 114,566
rect http://nasc.nott.ac.uk/cgi-bin/w3-msql/mapmaker/marker.html?marker=D4 525,436 595,449
rect http://nasc.nott.ac.uk/cgi-bin/w3-msql/mapmaker/marker.html?marker=aw22 250,446 334,459
rect http://nasc.nott.ac.uk/cgi-bin/w3-msql/mapmaker/marker.html?marker=g4556 20,572 121,585
rect http://nasc.nott.ac.uk/cgi-bin/w3-msql/mapmaker/marker.html?marker=nga139 20,591 128,604
rect http://nasc.nott.ac.uk/cgi-bin/w3-msql/mapmaker/marker.html?marker=B3 344,456 414,469
rect http://nasc.nott.ac.uk/cgi-bin/w3-msql/mapmaker/marker.html?marker=g4715b 20,610 128,623
rect http://nasc.nott.ac.uk/cgi-bin/w3-msql/mapmaker/marker.html?marker=pBSc2 424,466 515,479
rect http://nasc.nott.ac.uk/cgi-bin/w3-msql/mapmaker/marker.html?marker=mi219 20,629 121,642
rect http://nasc.nott.ac.uk/cgi-bin/w3-msql/mapmaker/marker.html?marker=g6843 20,648 121,661
rect http://nasc.nott.ac.uk/cgi-bin/w3-msql/mapmaker/marker.html?marker=AF3 525,476 602,489
rect http://nasc.nott.ac.uk/cgi-bin/w3-msql/mapmaker/marker.html?marker=Tn139 20,667 121,680
rect http://nasc.nott.ac.uk/cgi-bin/w3-msql/mapmaker/marker.html?marker=CATTS026 250,486 362,499
rect http://nasc.nott.ac.uk/cgi-bin/w3-msql/mapmaker/marker.html?marker=mi125 20,686 121,699
rect http://nasc.nott.ac.uk/cgi-bin/w3-msql/mapmaker/marker.html?marker=TOPP8 372,496 463,509
rect http://nasc.nott.ac.uk/cgi-bin/w3-msql/mapmaker/marker.html?marker=nga76 473,506 564,519
rect http://nasc.nott.ac.uk/cgi-bin/w3-msql/mapmaker/marker.html?marker=um579D 574,516 672,529
rect http://nasc.nott.ac.uk/cgi-bin/w3-msql/mapmaker/marker.html?marker=mi291b 20,705 128,718
rect http://nasc.nott.ac.uk/cgi-bin/w3-msql/mapmaker/marker.html?marker=CMs1 250,526 334,539
rect http://nasc.nott.ac.uk/cgi-bin/w3-msql/mapmaker/marker.html?marker=phyC 20,724 114,737
rect http://nasc.nott.ac.uk/cgi-bin/w3-msql/mapmaker/marker.html?marker=mi137 20,743 121,756
rect http://nasc.nott.ac.uk/cgi-bin/w3-msql/mapmaker/marker.html?marker=GRF3 344,536 428,549
rect http://nasc.nott.ac.uk/cgi-bin/w3-msql/mapmaker/marker.html?marker=gln2_2 438,546 536,559
rect http://nasc.nott.ac.uk/cgi-bin/w3-msql/mapmaker/marker.html?marker=gln2 546,555 630,568
rect http://nasc.nott.ac.uk/cgi-bin/w3-msql/mapmaker/marker.html?marker=RCEN5 250,565 341,578
rect http://nasc.nott.ac.uk/cgi-bin/w3-msql/mapmaker/marker.html?marker=gln1_1 351,575 449,588
rect http://nasc.nott.ac.uk/cgi-bin/w3-msql/mapmaker/marker.html?marker=CATTS019 459,585 571,598
rect http://nasc.nott.ac.uk/cgi-bin/w3-msql/mapmaker/marker.html?marker=PR5K 581,595 665,608
rect http://nasc.nott.ac.uk/cgi-bin/w3-msql/mapmaker/marker.html?marker=RBCSB 250,605 341,618
rect http://nasc.nott.ac.uk/cgi-bin/w3-msql/mapmaker/marker.html?marker=mi323 20,762 121,775
rect http://nasc.nott.ac.uk/cgi-bin/w3-msql/mapmaker/marker.html?marker=pGB1 351,615 435,628
rect http://nasc.nott.ac.uk/cgi-bin/w3-msql/mapmaker/marker.html?marker=do 445,625 515,638
rect http://nasc.nott.ac.uk/cgi-bin/w3-msql/mapmaker/marker.html?marker=m247 20,781 114,794
rect http://nasc.nott.ac.uk/cgi-bin/w3-msql/mapmaker/marker.html?marker=VBVBC10 525,635 630,648
rect http://nasc.nott.ac.uk/cgi-bin/w3-msql/mapmaker/marker.html?marker=CR3 250,645 327,658
rect http://nasc.nott.ac.uk/cgi-bin/w3-msql/mapmaker/marker.html?marker=g4028 20,799 121,812
rect http://nasc.nott.ac.uk/cgi-bin/w3-msql/mapmaker/marker.html?marker=nlp 337,655 414,668
rect http://nasc.nott.ac.uk/cgi-bin/w3-msql/mapmaker/marker.html?marker=DFR 20,818 107,831
rect http://nasc.nott.ac.uk/cgi-bin/w3-msql/mapmaker/marker.html?marker=TRX3 424,665 508,678
rect http://nasc.nott.ac.uk/cgi-bin/w3-msql/mapmaker/marker.html?marker=C42 518,674 595,687
rect http://nasc.nott.ac.uk/cgi-bin/w3-msql/mapmaker/marker.html?marker=mi194 20,837 121,850
rect http://nasc.nott.ac.uk/cgi-bin/w3-msql/mapmaker/marker.html?marker=spl2 20,856 114,869
rect http://nasc.nott.ac.uk/cgi-bin/w3-msql/mapmaker/marker.html?marker=TOPP6 250,684 341,697
rect http://nasc.nott.ac.uk/cgi-bin/w3-msql/mapmaker/marker.html?marker=AC2 351,694 428,707
rect http://nasc.nott.ac.uk/cgi-bin/w3-msql/mapmaker/marker.html?marker=agp6 20,875 114,888
rect http://nasc.nott.ac.uk/cgi-bin/w3-msql/mapmaker/marker.html?marker=mi83 20,894 114,907
rect http://nasc.nott.ac.uk/cgi-bin/w3-msql/mapmaker/marker.html?marker=PAP548 438,704 536,717
rect http://nasc.nott.ac.uk/cgi-bin/w3-msql/mapmaker/marker.html?marker=t43968 546,714 644,727
rect http://nasc.nott.ac.uk/cgi-bin/w3-msql/mapmaker/marker.html?marker=mi423b 20,913 128,926
rect http://nasc.nott.ac.uk/cgi-bin/w3-msql/mapmaker/marker.html?marker=mi61 250,724 334,737
rect http://nasc.nott.ac.uk/cgi-bin/w3-msql/mapmaker/marker.html?marker=ve027 20,932 128,945
rect http://nasc.nott.ac.uk/cgi-bin/w3-msql/mapmaker/marker.html?marker=lrk27 344,734 442,747
rect http://nasc.nott.ac.uk/cgi-bin/w3-msql/mapmaker/marker.html?marker=g13698 20,951 135,964
rect http://nasc.nott.ac.uk/cgi-bin/w3-msql/mapmaker/marker.html?marker=g2400 452,744 550,757
rect http://nasc.nott.ac.uk/cgi-bin/w3-msql/mapmaker/marker.html?marker=mi271 20,970 128,983
rect http://nasc.nott.ac.uk/cgi-bin/w3-msql/mapmaker/marker.html?marker=GF1 560,754 644,767
rect http://nasc.nott.ac.uk/cgi-bin/w3-msql/mapmaker/marker.html?marker=mi2 20,989 114,1002
rect http://nasc.nott.ac.uk/cgi-bin/w3-msql/mapmaker/marker.html?marker=nga129 250,764 355,777
rect http://nasc.nott.ac.uk/cgi-bin/w3-msql/mapmaker/marker.html?marker=PAP3 365,774 456,787
rect http://nasc.nott.ac.uk/cgi-bin/w3-msql/mapmaker/marker.html?marker=At2353 466,784 571,797
rect http://nasc.nott.ac.uk/cgi-bin/w3-msql/mapmaker/marker.html?marker=m435 20,1008 121,1021
rect http://nasc.nott.ac.uk/cgi-bin/w3-msql/mapmaker/marker.html?marker=m233 20,1027 121,1040
rect http://nasc.nott.ac.uk/cgi-bin/w3-msql/mapmaker/marker.html?marker=h2a1 581,793 672,806
rect http://nasc.nott.ac.uk/cgi-bin/w3-msql/mapmaker/marker.html?marker=PDC2 250,803 341,816
rect http://nasc.nott.ac.uk/cgi-bin/w3-msql/mapmaker/marker.html?marker=hst 351,813 435,826
rect http://nasc.nott.ac.uk/cgi-bin/w3-msql/mapmaker/marker.html?marker=agp50 445,823 543,836
rect http://nasc.nott.ac.uk/cgi-bin/w3-msql/mapmaker/marker.html?marker=mi74a 553,833 651,846
rect http://nasc.nott.ac.uk/cgi-bin/w3-msql/mapmaker/marker.html?marker=Msi1 250,843 341,856
rect http://nasc.nott.ac.uk/cgi-bin/w3-msql/mapmaker/marker.html?marker=mi418 351,853 449,866
rect http://nasc.nott.ac.uk/cgi-bin/w3-msql/mapmaker/marker.html?marker=mi70 459,863 550,876
rect http://nasc.nott.ac.uk/cgi-bin/w3-msql/mapmaker/marker.html?marker=mi184 20,1046 128,1059
rect http://nasc.nott.ac.uk/cgi-bin/w3-msql/mapmaker/marker.html?marker=m558A 560,873 658,886
rect http://nasc.nott.ac.uk/cgi-bin/w3-msql/mapmaker/marker.html?marker=mi69 250,883 341,896
rect http://nasc.nott.ac.uk/cgi-bin/w3-msql/mapmaker/marker.html?marker=R250 351,893 442,906
rect http://nasc.nott.ac.uk/cgi-bin/w3-msql/mapmaker/marker.html?marker=SEP5A 20,1065 128,1078
rect http://nasc.nott.ac.uk/cgi-bin/w3-msql/mapmaker/marker.html?marker=Fur69B12 452,903 571,916
rect http://nasc.nott.ac.uk/cgi-bin/w3-msql/mapmaker/marker.html?marker=g3791 581,912 679,925
rect http://nasc.nott.ac.uk/cgi-bin/w3-msql/mapmaker/marker.html?marker=FC20G4T7 250,922 369,935
rect http://nasc.nott.ac.uk/cgi-bin/w3-msql/mapmaker/marker.html?marker=TOPP2 379,932 477,945
rect http://nasc.nott.ac.uk/cgi-bin/w3-msql/mapmaker/marker.html?marker=emb514 487,942 592,955
rect http://nasc.nott.ac.uk/cgi-bin/w3-msql/mapmaker/marker.html?marker=LFY3 20,1084 121,1097
rect http://nasc.nott.ac.uk/cgi-bin/w3-msql/mapmaker/marker.html?marker=ATR3 250,952 341,965
rect http://nasc.nott.ac.uk/cgi-bin/w3-msql/mapmaker/marker.html?marker=m211A 20,1103 128,1116
rect http://nasc.nott.ac.uk/cgi-bin/w3-msql/mapmaker/marker.html?marker=GSA1 351,962 442,975
rect http://nasc.nott.ac.uk/cgi-bin/w3-msql/mapmaker/marker.html?marker=agp27e 452,972 557,985
rect http://nasc.nott.ac.uk/cgi-bin/w3-msql/mapmaker/marker.html?marker=agp11e 567,982 672,995
rect http://nasc.nott.ac.uk/cgi-bin/w3-msql/mapmaker/marker.html?marker=ve032 250,992 348,1005
rect http://nasc.nott.ac.uk/cgi-bin/w3-msql/mapmaker/marker.html?marker=g2368 20,1122 128,1135
rect http://nasc.nott.ac.uk/cgi-bin/w3-msql/mapmaker/marker.html?marker=ASN2 358,1002 449,1015
rect http://nasc.nott.ac.uk/cgi-bin/w3-msql/mapmaker/marker.html?marker=ve028 459,1012 557,1025
rect http://nasc.nott.ac.uk/cgi-bin/w3-msql/mapmaker/marker.html?marker=pHJ5 567,1022 658,1035
rect http://nasc.nott.ac.uk/cgi-bin/w3-msql/mapmaker/marker.html?marker=m37 250,1031 334,1044
rect http://nasc.nott.ac.uk/cgi-bin/w3-msql/mapmaker/marker.html?marker=ES724A_ 344,1041 456,1054
rect http://nasc.nott.ac.uk/cgi-bin/w3-msql/mapmaker/marker.html?marker=CATHHANK 466,1051 585,1064
rect http://nasc.nott.ac.uk/cgi-bin/w3-msql/mapmaker/marker.html?marker=AtPK41B 595,1061 707,1074
rect http://nasc.nott.ac.uk/cgi-bin/w3-msql/mapmaker/marker.html?marker=mi335 20,1141 128,1154
rect http://nasc.nott.ac.uk/cgi-bin/w3-msql/mapmaker/marker.html?marker=a5 250,1071 327,1084
rect http://nasc.nott.ac.uk/cgi-bin/w3-msql/mapmaker/marker.html?marker=GMD_1 337,1081 435,1094
rect http://nasc.nott.ac.uk/cgi-bin/w3-msql/mapmaker/marker.html?marker=m555 445,1091 536,1104
rect http://nasc.nott.ac.uk/cgi-bin/w3-msql/mapmaker/marker.html?marker=CD34_2 546,1101 651,1114
rect http://nasc.nott.ac.uk/cgi-bin/w3-msql/mapmaker/marker.html?marker=MS_2_1 250,1111 355,1124
rect http://nasc.nott.ac.uk/cgi-bin/w3-msql/mapmaker/marker.html?marker=BIO205 365,1121 470,1134
rect http://nasc.nott.ac.uk/cgi-bin/w3-msql/mapmaker/marker.html?marker=petH2 480,1131 578,1144
rect http://nasc.nott.ac.uk/cgi-bin/w3-msql/mapmaker/marker.html?marker=STL 588,1141 672,1154
