rect http://nasc.nott.ac.uk/cgi-bin/w3-msql/mapmaker/synonyms.html 92,18 302,33
rect http://nasc.nott.ac.uk/cgi-bin/w3-msql/mapmaker/marker.html?marker=RS10 250,87 327,100
rect http://nasc.nott.ac.uk/cgi-bin/w3-msql/mapmaker/marker.html?marker=ve001 337,94 421,107
rect http://nasc.nott.ac.uk/cgi-bin/w3-msql/mapmaker/marker.html?marker=PVV4 431,101 508,114
rect http://nasc.nott.ac.uk/cgi-bin/w3-msql/mapmaker/marker.html?marker=ACC2 518,108 595,121
rect http://nasc.nott.ac.uk/cgi-bin/w3-msql/mapmaker/marker.html?marker=nga59 250,116 334,129
rect http://nasc.nott.ac.uk/cgi-bin/w3-msql/mapmaker/marker.html?marker=ATEAT1 344,123 435,136
rect http://nasc.nott.ac.uk/cgi-bin/w3-msql/mapmaker/marker.html?marker=GST1 445,130 522,143
rect http://nasc.nott.ac.uk/cgi-bin/w3-msql/mapmaker/marker.html?marker=agp16 532,137 616,150
rect http://nasc.nott.ac.uk/cgi-bin/w3-msql/mapmaker/marker.html?marker=O846A 20,97 114,110
rect http://nasc.nott.ac.uk/cgi-bin/w3-msql/mapmaker/marker.html?marker=A32 250,145 320,158
rect http://nasc.nott.ac.uk/cgi-bin/w3-msql/mapmaker/marker.html?marker=ve002 330,152 414,165
rect http://nasc.nott.ac.uk/cgi-bin/w3-msql/mapmaker/marker.html?marker=SEP4E 424,159 508,172
rect http://nasc.nott.ac.uk/cgi-bin/w3-msql/mapmaker/marker.html?marker=A1 518,166 581,179
rect http://nasc.nott.ac.uk/cgi-bin/w3-msql/mapmaker/marker.html?marker=g4715a 20,115 121,128
rect http://nasc.nott.ac.uk/cgi-bin/w3-msql/mapmaker/marker.html?marker=m488 20,132 107,145
rect http://nasc.nott.ac.uk/cgi-bin/w3-msql/mapmaker/marker.html?marker=ve003 591,173 675,186
rect http://nasc.nott.ac.uk/cgi-bin/w3-msql/mapmaker/marker.html?marker=ve004 250,181 334,194
rect http://nasc.nott.ac.uk/cgi-bin/w3-msql/mapmaker/marker.html?marker=mi372 20,150 114,163
rect http://nasc.nott.ac.uk/cgi-bin/w3-msql/mapmaker/marker.html?marker=agp102 344,188 435,201
rect http://nasc.nott.ac.uk/cgi-bin/w3-msql/mapmaker/marker.html?marker=GT45_1 445,195 536,208
rect http://nasc.nott.ac.uk/cgi-bin/w3-msql/mapmaker/marker.html?marker=PAI1 546,202 623,215
rect http://nasc.nott.ac.uk/cgi-bin/w3-msql/mapmaker/marker.html?marker=po 250,210 313,223
rect http://nasc.nott.ac.uk/cgi-bin/w3-msql/mapmaker/marker.html?marker=apx1A 20,167 114,180
rect http://nasc.nott.ac.uk/cgi-bin/w3-msql/mapmaker/marker.html?marker=At136c 323,217 414,230
rect http://nasc.nott.ac.uk/cgi-bin/w3-msql/mapmaker/marker.html?marker=cSOD 424,224 501,237
rect http://nasc.nott.ac.uk/cgi-bin/w3-msql/mapmaker/marker.html?marker=mi100 511,231 595,244
rect http://nasc.nott.ac.uk/cgi-bin/w3-msql/mapmaker/marker.html?marker=phyA 250,238 327,251
rect http://nasc.nott.ac.uk/cgi-bin/w3-msql/mapmaker/marker.html?marker=ARR4 337,246 414,259
rect http://nasc.nott.ac.uk/cgi-bin/w3-msql/mapmaker/marker.html?marker=m241A 20,185 114,198
rect http://nasc.nott.ac.uk/cgi-bin/w3-msql/mapmaker/marker.html?marker=mi443 20,202 114,215
rect http://nasc.nott.ac.uk/cgi-bin/w3-msql/mapmaker/marker.html?marker=ve005 424,253 508,266
rect http://nasc.nott.ac.uk/cgi-bin/w3-msql/mapmaker/marker.html?marker=nga63 518,260 602,273
rect http://nasc.nott.ac.uk/cgi-bin/w3-msql/mapmaker/marker.html?marker=CDs14 250,267 334,280
rect http://nasc.nott.ac.uk/cgi-bin/w3-msql/mapmaker/marker.html?marker=hma2 344,275 421,288
rect http://nasc.nott.ac.uk/cgi-bin/w3-msql/mapmaker/marker.html?marker=BFN1 431,282 508,295
rect http://nasc.nott.ac.uk/cgi-bin/w3-msql/mapmaker/marker.html?marker=ATTS0477 20,220 142,233
rect http://nasc.nott.ac.uk/cgi-bin/w3-msql/mapmaker/marker.html?marker=agp20e 518,289 616,302
rect http://nasc.nott.ac.uk/cgi-bin/w3-msql/mapmaker/marker.html?marker=NCC1 250,296 334,309
rect http://nasc.nott.ac.uk/cgi-bin/w3-msql/mapmaker/marker.html?marker=pC1 344,304 421,317
rect http://nasc.nott.ac.uk/cgi-bin/w3-msql/mapmaker/marker.html?marker=pC2 431,311 508,324
rect http://nasc.nott.ac.uk/cgi-bin/w3-msql/mapmaker/marker.html?marker=CDs7 518,318 602,331
rect http://nasc.nott.ac.uk/cgi-bin/w3-msql/mapmaker/marker.html?marker=ve006 250,325 341,338
rect http://nasc.nott.ac.uk/cgi-bin/w3-msql/mapmaker/marker.html?marker=DRL1 351,332 435,345
rect http://nasc.nott.ac.uk/cgi-bin/w3-msql/mapmaker/marker.html?marker=O818 445,340 529,353
rect http://nasc.nott.ac.uk/cgi-bin/w3-msql/mapmaker/marker.html?marker=EG17G9 20,237 128,250
rect http://nasc.nott.ac.uk/cgi-bin/w3-msql/mapmaker/marker.html?marker=g3786 539,347 630,360
rect http://nasc.nott.ac.uk/cgi-bin/w3-msql/mapmaker/marker.html?marker=ve007 20,255 121,268
rect http://nasc.nott.ac.uk/cgi-bin/w3-msql/mapmaker/marker.html?marker=chibi2 250,354 348,367
rect http://nasc.nott.ac.uk/cgi-bin/w3-msql/mapmaker/marker.html?marker=julia.f 358,361 463,374
rect http://nasc.nott.ac.uk/cgi-bin/w3-msql/mapmaker/marker.html?marker=mi348 20,272 121,285
rect http://nasc.nott.ac.uk/cgi-bin/w3-msql/mapmaker/marker.html?marker=PGDH 473,369 557,382
rect http://nasc.nott.ac.uk/cgi-bin/w3-msql/mapmaker/marker.html?marker=mi113 20,290 121,303
rect http://nasc.nott.ac.uk/cgi-bin/w3-msql/mapmaker/marker.html?marker=ve036 567,376 658,389
rect http://nasc.nott.ac.uk/cgi-bin/w3-msql/mapmaker/marker.html?marker=Y3 250,383 320,396
rect http://nasc.nott.ac.uk/cgi-bin/w3-msql/mapmaker/marker.html?marker=PSP 330,390 407,403
rect http://nasc.nott.ac.uk/cgi-bin/w3-msql/mapmaker/marker.html?marker=E12A11_E 417,397 529,410
rect http://nasc.nott.ac.uk/cgi-bin/w3-msql/mapmaker/marker.html?marker=f15571 539,405 637,418
rect http://nasc.nott.ac.uk/cgi-bin/w3-msql/mapmaker/marker.html?marker=ARR7 250,412 334,425
rect http://nasc.nott.ac.uk/cgi-bin/w3-msql/mapmaker/marker.html?marker=LK138 344,419 435,432
rect http://nasc.nott.ac.uk/cgi-bin/w3-msql/mapmaker/marker.html?marker=cor47 445,426 536,439
rect http://nasc.nott.ac.uk/cgi-bin/w3-msql/mapmaker/marker.html?marker=wak1 546,434 630,447
rect http://nasc.nott.ac.uk/cgi-bin/w3-msql/mapmaker/marker.html?marker=mi203 20,307 121,320
rect http://nasc.nott.ac.uk/cgi-bin/w3-msql/mapmaker/marker.html?marker=laf100 250,441 348,454
rect http://nasc.nott.ac.uk/cgi-bin/w3-msql/mapmaker/marker.html?marker=pC3 358,448 435,461
rect http://nasc.nott.ac.uk/cgi-bin/w3-msql/mapmaker/marker.html?marker=g3829 445,455 536,468
rect http://nasc.nott.ac.uk/cgi-bin/w3-msql/mapmaker/marker.html?marker=pFNR 546,462 630,475
rect http://nasc.nott.ac.uk/cgi-bin/w3-msql/mapmaker/marker.html?marker=CAT3 250,470 334,483
rect http://nasc.nott.ac.uk/cgi-bin/w3-msql/mapmaker/marker.html?marker=DHS3 344,477 428,490
rect http://nasc.nott.ac.uk/cgi-bin/w3-msql/mapmaker/marker.html?marker=frohc 438,484 529,497
rect http://nasc.nott.ac.uk/cgi-bin/w3-msql/mapmaker/marker.html?marker=m235 20,325 114,338
rect http://nasc.nott.ac.uk/cgi-bin/w3-msql/mapmaker/marker.html?marker=JD1110 539,491 637,504
rect http://nasc.nott.ac.uk/cgi-bin/w3-msql/mapmaker/marker.html?marker=wx5 250,499 327,512
rect http://nasc.nott.ac.uk/cgi-bin/w3-msql/mapmaker/marker.html?marker=ve037 337,506 428,519
rect http://nasc.nott.ac.uk/cgi-bin/w3-msql/mapmaker/marker.html?marker=mi265 20,342 121,355
rect http://nasc.nott.ac.uk/cgi-bin/w3-msql/mapmaker/marker.html?marker=CEG1 438,513 522,526
rect http://nasc.nott.ac.uk/cgi-bin/w3-msql/mapmaker/marker.html?marker=mi163 20,360 121,373
rect http://nasc.nott.ac.uk/cgi-bin/w3-msql/mapmaker/marker.html?marker=CERX 532,520 616,533
rect http://nasc.nott.ac.uk/cgi-bin/w3-msql/mapmaker/marker.html?marker=ve095 250,528 341,541
rect http://nasc.nott.ac.uk/cgi-bin/w3-msql/mapmaker/marker.html?marker=R64 351,535 428,548
rect http://nasc.nott.ac.uk/cgi-bin/w3-msql/mapmaker/marker.html?marker=L3 20,377 100,390
rect http://nasc.nott.ac.uk/cgi-bin/w3-msql/mapmaker/marker.html?marker=ve008 438,542 529,555
rect http://nasc.nott.ac.uk/cgi-bin/w3-msql/mapmaker/marker.html?marker=mi62 20,395 114,408
rect http://nasc.nott.ac.uk/cgi-bin/w3-msql/mapmaker/marker.html?marker=mi15 20,412 114,425
rect http://nasc.nott.ac.uk/cgi-bin/w3-msql/mapmaker/marker.html?marker=mi111 20,430 121,443
rect http://nasc.nott.ac.uk/cgi-bin/w3-msql/mapmaker/marker.html?marker=mi192 20,447 121,460
rect http://nasc.nott.ac.uk/cgi-bin/w3-msql/mapmaker/marker.html?marker=ve094 539,549 630,562
rect http://nasc.nott.ac.uk/cgi-bin/w3-msql/mapmaker/marker.html?marker=mi116 20,465 121,478
rect http://nasc.nott.ac.uk/cgi-bin/w3-msql/mapmaker/marker.html?marker=nga248 250,556 348,569
rect http://nasc.nott.ac.uk/cgi-bin/w3-msql/mapmaker/marker.html?marker=Fur12F12 358,564 470,577
rect http://nasc.nott.ac.uk/cgi-bin/w3-msql/mapmaker/marker.html?marker=I42 480,571 557,584
rect http://nasc.nott.ac.uk/cgi-bin/w3-msql/mapmaker/marker.html?marker=CDs12 20,482 121,495
rect http://nasc.nott.ac.uk/cgi-bin/w3-msql/mapmaker/marker.html?marker=CATTS039 567,578 679,591
rect http://nasc.nott.ac.uk/cgi-bin/w3-msql/mapmaker/marker.html?marker=Athb_9 250,585 348,598
rect http://nasc.nott.ac.uk/cgi-bin/w3-msql/mapmaker/marker.html?marker=UFO 358,593 435,606
rect http://nasc.nott.ac.uk/cgi-bin/w3-msql/mapmaker/marker.html?marker=ACBP 445,600 529,613
rect http://nasc.nott.ac.uk/cgi-bin/w3-msql/mapmaker/marker.html?marker=ve009 20,500 121,513
rect http://nasc.nott.ac.uk/cgi-bin/w3-msql/mapmaker/marker.html?marker=m254A 20,517 121,530
rect http://nasc.nott.ac.uk/cgi-bin/w3-msql/mapmaker/marker.html?marker=P39B2T7 539,607 644,620
rect http://nasc.nott.ac.uk/cgi-bin/w3-msql/mapmaker/marker.html?marker=m253 20,535 114,548
rect http://nasc.nott.ac.uk/cgi-bin/w3-msql/mapmaker/marker.html?marker=ve010 250,614 341,627
rect http://nasc.nott.ac.uk/cgi-bin/w3-msql/mapmaker/marker.html?marker=mi423a 20,552 128,565
rect http://nasc.nott.ac.uk/cgi-bin/w3-msql/mapmaker/marker.html?marker=AIG1 351,621 435,634
rect http://nasc.nott.ac.uk/cgi-bin/w3-msql/mapmaker/marker.html?marker=RPS18B 445,629 543,642
rect http://nasc.nott.ac.uk/cgi-bin/w3-msql/mapmaker/marker.html?marker=C456_6 553,636 651,649
rect http://nasc.nott.ac.uk/cgi-bin/w3-msql/mapmaker/marker.html?marker=mi63 20,570 114,583
rect http://nasc.nott.ac.uk/cgi-bin/w3-msql/mapmaker/marker.html?marker=msa1 250,643 334,656
rect http://nasc.nott.ac.uk/cgi-bin/w3-msql/mapmaker/marker.html?marker=mi19 20,587 114,600
rect http://nasc.nott.ac.uk/cgi-bin/w3-msql/mapmaker/marker.html?marker=agp6e 344,650 435,663
rect http://nasc.nott.ac.uk/cgi-bin/w3-msql/mapmaker/marker.html?marker=mi342 20,605 121,618
rect http://nasc.nott.ac.uk/cgi-bin/w3-msql/mapmaker/marker.html?marker=jcc3 445,658 529,671
rect http://nasc.nott.ac.uk/cgi-bin/w3-msql/mapmaker/marker.html?marker=EKRIV 539,665 630,678
rect http://nasc.nott.ac.uk/cgi-bin/w3-msql/mapmaker/marker.html?marker=RCEN1 250,672 341,685
rect http://nasc.nott.ac.uk/cgi-bin/w3-msql/mapmaker/marker.html?marker=intel1_1 351,679 463,692
rect http://nasc.nott.ac.uk/cgi-bin/w3-msql/mapmaker/marker.html?marker=mi133 20,622 121,635
rect http://nasc.nott.ac.uk/cgi-bin/w3-msql/mapmaker/marker.html?marker=GAPB 473,686 557,699
rect http://nasc.nott.ac.uk/cgi-bin/w3-msql/mapmaker/marker.html?marker=T27K12 567,694 665,707
rect http://nasc.nott.ac.uk/cgi-bin/w3-msql/mapmaker/marker.html?marker=mi72 20,640 114,653
rect http://nasc.nott.ac.uk/cgi-bin/w3-msql/mapmaker/marker.html?marker=GRF2 250,701 334,714
rect http://nasc.nott.ac.uk/cgi-bin/w3-msql/mapmaker/marker.html?marker=GRF4 344,708 428,721
rect http://nasc.nott.ac.uk/cgi-bin/w3-msql/mapmaker/marker.html?marker=ju_22 438,715 529,728
rect http://nasc.nott.ac.uk/cgi-bin/w3-msql/mapmaker/marker.html?marker=ju_12 539,723 630,736
rect http://nasc.nott.ac.uk/cgi-bin/w3-msql/mapmaker/marker.html?marker=GRF1 250,730 334,743
rect http://nasc.nott.ac.uk/cgi-bin/w3-msql/mapmaker/marker.html?marker=mi291a 20,657 128,670
rect http://nasc.nott.ac.uk/cgi-bin/w3-msql/mapmaker/marker.html?marker=mi441 20,675 121,688
rect http://nasc.nott.ac.uk/cgi-bin/w3-msql/mapmaker/marker.html?marker=agp25b 344,737 442,750
rect http://nasc.nott.ac.uk/cgi-bin/w3-msql/mapmaker/marker.html?marker=mi208 20,692 121,705
rect http://nasc.nott.ac.uk/cgi-bin/w3-msql/mapmaker/marker.html?marker=JD4818 452,744 550,757
rect http://nasc.nott.ac.uk/cgi-bin/w3-msql/mapmaker/marker.html?marker=MS_1_1 560,752 658,765
rect http://nasc.nott.ac.uk/cgi-bin/w3-msql/mapmaker/marker.html?marker=mi106 20,710 121,723
rect http://nasc.nott.ac.uk/cgi-bin/w3-msql/mapmaker/marker.html?marker=p4 20,727 100,740
rect http://nasc.nott.ac.uk/cgi-bin/w3-msql/mapmaker/marker.html?marker=RD15 250,759 334,772
rect http://nasc.nott.ac.uk/cgi-bin/w3-msql/mapmaker/marker.html?marker=m213 20,745 114,758
rect http://nasc.nott.ac.uk/cgi-bin/w3-msql/mapmaker/marker.html?marker=ju_11 344,766 435,779
rect http://nasc.nott.ac.uk/cgi-bin/w3-msql/mapmaker/marker.html?marker=MYAC 445,773 529,786
rect http://nasc.nott.ac.uk/cgi-bin/w3-msql/mapmaker/marker.html?marker=RL6 539,780 616,793
rect http://nasc.nott.ac.uk/cgi-bin/w3-msql/mapmaker/marker.html?marker=spl4 250,788 334,801
rect http://nasc.nott.ac.uk/cgi-bin/w3-msql/mapmaker/marker.html?marker=PAP240 344,795 442,808
rect http://nasc.nott.ac.uk/cgi-bin/w3-msql/mapmaker/marker.html?marker=APK100 452,802 550,815
rect http://nasc.nott.ac.uk/cgi-bin/w3-msql/mapmaker/marker.html?marker=tst1 560,809 644,822
rect http://nasc.nott.ac.uk/cgi-bin/w3-msql/mapmaker/marker.html?marker=PLRB910 250,817 355,830
rect http://nasc.nott.ac.uk/cgi-bin/w3-msql/mapmaker/marker.html?marker=Lox1 365,824 449,837
rect http://nasc.nott.ac.uk/cgi-bin/w3-msql/mapmaker/marker.html?marker=mi209 20,762 121,775
rect http://nasc.nott.ac.uk/cgi-bin/w3-msql/mapmaker/marker.html?marker=nga280 459,831 557,844
rect http://nasc.nott.ac.uk/cgi-bin/w3-msql/mapmaker/marker.html?marker=nga128 567,838 665,851
rect http://nasc.nott.ac.uk/cgi-bin/w3-msql/mapmaker/marker.html?marker=lk5123 250,845 348,858
rect http://nasc.nott.ac.uk/cgi-bin/w3-msql/mapmaker/marker.html?marker=hma1 358,853 442,866
rect http://nasc.nott.ac.uk/cgi-bin/w3-msql/mapmaker/marker.html?marker=ANUK41 452,860 550,873
rect http://nasc.nott.ac.uk/cgi-bin/w3-msql/mapmaker/marker.html?marker=POP1 560,867 644,880
rect http://nasc.nott.ac.uk/cgi-bin/w3-msql/mapmaker/marker.html?marker=mi303 20,780 121,793
rect http://nasc.nott.ac.uk/cgi-bin/w3-msql/mapmaker/marker.html?marker=M81A7T7 250,874 355,887
rect http://nasc.nott.ac.uk/cgi-bin/w3-msql/mapmaker/marker.html?marker=CDs10 365,882 456,895
rect http://nasc.nott.ac.uk/cgi-bin/w3-msql/mapmaker/marker.html?marker=LLC 466,889 543,902
rect http://nasc.nott.ac.uk/cgi-bin/w3-msql/mapmaker/marker.html?marker=julia.a 553,896 658,909
rect http://nasc.nott.ac.uk/cgi-bin/w3-msql/mapmaker/marker.html?marker=B34 250,903 327,916
rect http://nasc.nott.ac.uk/cgi-bin/w3-msql/mapmaker/marker.html?marker=AtSki2 337,910 435,923
rect http://nasc.nott.ac.uk/cgi-bin/w3-msql/mapmaker/marker.html?marker=ATHGENEA 445,918 557,931
rect http://nasc.nott.ac.uk/cgi-bin/w3-msql/mapmaker/marker.html?marker=FD 567,925 637,938
rect http://nasc.nott.ac.uk/cgi-bin/w3-msql/mapmaker/marker.html?marker=mi259 20,797 121,810
rect http://nasc.nott.ac.uk/cgi-bin/w3-msql/mapmaker/marker.html?marker=mi408 20,815 121,828
rect http://nasc.nott.ac.uk/cgi-bin/w3-msql/mapmaker/marker.html?marker=mi230 20,832 121,845
rect http://nasc.nott.ac.uk/cgi-bin/w3-msql/mapmaker/marker.html?marker=mi304 20,850 121,863
rect http://nasc.nott.ac.uk/cgi-bin/w3-msql/mapmaker/marker.html?marker=g4026 20,867 121,880
rect http://nasc.nott.ac.uk/cgi-bin/w3-msql/mapmaker/marker.html?marker=ARR3 250,932 334,945
rect http://nasc.nott.ac.uk/cgi-bin/w3-msql/mapmaker/marker.html?marker=agp1e 344,939 435,952
rect http://nasc.nott.ac.uk/cgi-bin/w3-msql/mapmaker/marker.html?marker=AS33 445,947 529,960
rect http://nasc.nott.ac.uk/cgi-bin/w3-msql/mapmaker/marker.html?marker=mi324 20,885 121,898
rect http://nasc.nott.ac.uk/cgi-bin/w3-msql/mapmaker/marker.html?marker=mi353 20,902 121,915
rect http://nasc.nott.ac.uk/cgi-bin/w3-msql/mapmaker/marker.html?marker=MW1 539,954 616,967
rect http://nasc.nott.ac.uk/cgi-bin/w3-msql/mapmaker/marker.html?marker=pbs100 250,961 348,974
rect http://nasc.nott.ac.uk/cgi-bin/w3-msql/mapmaker/marker.html?marker=gln1_2 358,968 456,981
rect http://nasc.nott.ac.uk/cgi-bin/w3-msql/mapmaker/marker.html?marker=mi424 20,920 121,933
rect http://nasc.nott.ac.uk/cgi-bin/w3-msql/mapmaker/marker.html?marker=GT13_1 466,976 564,989
rect http://nasc.nott.ac.uk/cgi-bin/w3-msql/mapmaker/marker.html?marker=cyp86 574,983 665,996
rect http://nasc.nott.ac.uk/cgi-bin/w3-msql/mapmaker/marker.html?marker=TOPP3 250,990 341,1003
rect http://nasc.nott.ac.uk/cgi-bin/w3-msql/mapmaker/marker.html?marker=m315 20,937 114,950
rect http://nasc.nott.ac.uk/cgi-bin/w3-msql/mapmaker/marker.html?marker=Atpis 351,997 442,1010
rect http://nasc.nott.ac.uk/cgi-bin/w3-msql/mapmaker/marker.html?marker=CDs8 452,1004 536,1017
rect http://nasc.nott.ac.uk/cgi-bin/w3-msql/mapmaker/marker.html?marker=mi185 20,955 121,968
rect http://nasc.nott.ac.uk/cgi-bin/w3-msql/mapmaker/marker.html?marker=mi193 20,972 121,985
rect http://nasc.nott.ac.uk/cgi-bin/w3-msql/mapmaker/marker.html?marker=pCITf117 20,990 149,1003
rect http://nasc.nott.ac.uk/cgi-bin/w3-msql/mapmaker/marker.html?marker=g4552 20,1007 128,1020
rect http://nasc.nott.ac.uk/cgi-bin/w3-msql/mapmaker/marker.html?marker=G39h2 546,1012 644,1025
rect http://nasc.nott.ac.uk/cgi-bin/w3-msql/mapmaker/marker.html?marker=ju_041 250,1019 355,1032
rect http://nasc.nott.ac.uk/cgi-bin/w3-msql/mapmaker/marker.html?marker=bowman 365,1026 470,1039
rect http://nasc.nott.ac.uk/cgi-bin/w3-msql/mapmaker/marker.html?marker=PLLB22 480,1033 585,1046
rect http://nasc.nott.ac.uk/cgi-bin/w3-msql/mapmaker/marker.html?marker=Tag1 20,1025 121,1038
rect http://nasc.nott.ac.uk/cgi-bin/w3-msql/mapmaker/marker.html?marker=SBG9 595,1041 686,1054
rect http://nasc.nott.ac.uk/cgi-bin/w3-msql/mapmaker/marker.html?marker=Athb13 250,1048 355,1061
rect http://nasc.nott.ac.uk/cgi-bin/w3-msql/mapmaker/marker.html?marker=mi462 20,1042 128,1055
rect http://nasc.nott.ac.uk/cgi-bin/w3-msql/mapmaker/marker.html?marker=mi103 20,1060 128,1073
rect http://nasc.nott.ac.uk/cgi-bin/w3-msql/mapmaker/marker.html?marker=ATTS0251 365,1055 484,1068
rect http://nasc.nott.ac.uk/cgi-bin/w3-msql/mapmaker/marker.html?marker=c12 494,1062 578,1075
rect http://nasc.nott.ac.uk/cgi-bin/w3-msql/mapmaker/marker.html?marker=PKNAT_22 20,1077 149,1090
rect http://nasc.nott.ac.uk/cgi-bin/w3-msql/mapmaker/marker.html?marker=m453A 588,1069 686,1082
rect http://nasc.nott.ac.uk/cgi-bin/w3-msql/mapmaker/marker.html?marker=PAB5 250,1077 341,1090
rect http://nasc.nott.ac.uk/cgi-bin/w3-msql/mapmaker/marker.html?marker=nga111 351,1084 456,1097
rect http://nasc.nott.ac.uk/cgi-bin/w3-msql/mapmaker/marker.html?marker=GER1 466,1091 557,1104
rect http://nasc.nott.ac.uk/cgi-bin/w3-msql/mapmaker/marker.html?marker=h77224 567,1098 672,1111
rect http://nasc.nott.ac.uk/cgi-bin/w3-msql/mapmaker/marker.html?marker=BW54 250,1106 341,1119
rect http://nasc.nott.ac.uk/cgi-bin/w3-msql/mapmaker/marker.html?marker=z13G 351,1113 442,1126
rect http://nasc.nott.ac.uk/cgi-bin/w3-msql/mapmaker/marker.html?marker=mi425 20,1095 128,1108
rect http://nasc.nott.ac.uk/cgi-bin/w3-msql/mapmaker/marker.html?marker=PR5 20,1112 114,1125
rect http://nasc.nott.ac.uk/cgi-bin/w3-msql/mapmaker/marker.html?marker=ADH 452,1120 536,1133
rect http://nasc.nott.ac.uk/cgi-bin/w3-msql/mapmaker/marker.html?marker=m532 20,1130 121,1143
rect http://nasc.nott.ac.uk/cgi-bin/w3-msql/mapmaker/marker.html?marker=ATskp1 546,1127 651,1140
rect http://nasc.nott.ac.uk/cgi-bin/w3-msql/mapmaker/marker.html?marker=I6 250,1134 327,1147
rect http://nasc.nott.ac.uk/cgi-bin/w3-msql/mapmaker/marker.html?marker=atxrn2_2 337,1142 456,1155
rect http://nasc.nott.ac.uk/cgi-bin/w3-msql/mapmaker/marker.html?marker=ATHATPAS 466,1149 585,1162
rect http://nasc.nott.ac.uk/cgi-bin/w3-msql/mapmaker/marker.html?marker=pPC8.94 595,1156 707,1169
rect http://nasc.nott.ac.uk/cgi-bin/w3-msql/mapmaker/marker.html?marker=DHA 250,1163 334,1176
rect http://nasc.nott.ac.uk/cgi-bin/w3-msql/mapmaker/marker.html?marker=ve011 344,1171 442,1184
rect http://nasc.nott.ac.uk/cgi-bin/w3-msql/mapmaker/marker.html?marker=agp15e 452,1178 557,1191
rect http://nasc.nott.ac.uk/cgi-bin/w3-msql/mapmaker/marker.html?marker=agp64 567,1185 665,1198
rect http://nasc.nott.ac.uk/cgi-bin/w3-msql/mapmaker/marker.html?marker=ve043 20,1147 128,1160
rect http://nasc.nott.ac.uk/cgi-bin/w3-msql/mapmaker/marker.html?marker=m132A 20,1165 128,1178
rect http://nasc.nott.ac.uk/cgi-bin/w3-msql/mapmaker/marker.html?marker=mi157 20,1182 128,1195
rect http://nasc.nott.ac.uk/cgi-bin/w3-msql/mapmaker/marker.html?marker=g17311 20,1200 135,1213
rect http://nasc.nott.ac.uk/cgi-bin/w3-msql/mapmaker/marker.html?marker=petE 250,1192 341,1205
rect http://nasc.nott.ac.uk/cgi-bin/w3-msql/mapmaker/marker.html?marker=pAtT32CX 351,1200 470,1213
