Chromosome : Scolnik_All-I
Locus              cM
rap8k             0.00
r11               2.50
r1356             3.60
r315.1            5.90
an               12.10
g21491           approximately located 3.0 cM from an direction unknown
g4715            approximately located 3.0 cM from r1414 direction unknown
m241             approximately located 3.0 cM from r1414 direction unknown
m322             approximately located 3.0 cM from r1414 direction unknown
m488             approximately located 1.5 cM from r1414 direction unknown
r1414            18.29
r315.2           21.79
r1403            22.90
r1029            approximately located 1.5 cM from rap13.2 direction unknown
rap13.2          29.79
rap13a.2         approximately located 0.0 cM from rap13.2 direction unknown
r1036.1          36.70
r903.1           42.90
r1372            45.09
r34              approximately located 1.0 cM from r1372 direction unknown
r751.2           46.79
m271             approximately located 1.5 cM from r1476 direction unknown
r1259            approximately located 4.0 cM from r1476 direction unknown
r1476            48.50
r1506.2          approximately located 1.5 cM from r1476 direction unknown
r769.1           approximately located 4.5 cM from r1476 direction unknown
m215             approximately located 1.5 cM from m235 direction unknown
m235             52.00
g17286           53.20
m201             approximately located 1.5 cM from c17286 direction unknown
m321             approximately located 1.5 cM from c17286 direction unknown
m254             56.29
r1389            approximately located 3.0 cM from m254 direction unknown
m299             60.20
r1106            approximately located 1.0 cM from r1506.1 direction unknown
r1357.1          approximately located 0.0 cM from r1506.1 direction unknown
r1506.1          64.90
r849.1           approximately located 2.5 cM from r1506.1 direction unknown
rap10            approximately located 1.0 cM from r1506.1 direction unknown
r1325.2          approximately located 1.5 cM from r989.1 direction unknown
r1325.3          approximately located 6.0 cM from r989.1 direction unknown
r989.1           68.40
m253             approximately located 3.0 cM from r317.1 direction unknown
r1344            approximately located 0.0 cM from r317.1 direction unknown
r1379.2          approximately located 0.0 cM from r317.1 direction unknown
r1439            approximately located 4.5 cM from r317.1 direction unknown
r317.1           71.90
r363.3           approximately located 0.0 cM from r317.1 direction unknown
rap12b           approximately located 1.0 cM from r317.1 direction unknown
rap6.2           approximately located 1.0 cM from r317.1 direction unknown
r1594.3          79.00
m281a            83.09
r1315.1          approximately located 3.0 cM from m281a direction unknown
r1350.2          approximately located 1.5 cM from m281a direction unknown
r1594.1          approximately located 1.5 cM from m281a direction unknown
r1599            approximately located 1.5 cM from m281a direction unknown
r929.2           approximately located 1.5 cM from m281a direction unknown
m213             approximately located 2.5 cM from rap6.1 direction unknown
r1036.4          approximately located 9.5 cM from rap6.1 direction unknown
r235.2           approximately located 1.0 cM from rap6.1 direction unknown
r916.3           approximately located 0.0 cM from rap6.1 direction unknown
rap6.1           88.40
g4026            approximately located 0.0 cM from m280 direction unknown
m280             95.09
r234             approximately located 2.0 cM from m280 direction unknown
r269.3           approximately located 1.5 cM from m280 direction unknown
r756.2           approximately located 6.0 cM from m280 direction unknown
m305             98.19
r1399.1          approximately located 1.5 cM from m305 direction unknown
r1399.2          approximately located 1.0 cM from m305 direction unknown
r1595.1          approximately located 6.0 cM from m305 direction unknown
r916.1           approximately located 7.0 cM from m305 direction unknown
r1177.1          approximately located 1.5 cM from r356.2 direction unknown
r356.2          101.30
r783             approximately located 1.5 cM from r356.2 direction unknown
r1111.2         103.59
r1279            approximately located 1.0 cM from r1111.2 direction unknown
r363.2           approximately located 1.0 cM from r1111.2 direction unknown
r838.1           approximately located 1.5 cM from r1111.2 direction unknown
r901.4           approximately located 1.5 cM from r1111.2 direction unknown
rap4e            approximately located 1.5 cM from r1111.2 direction unknown
r1383            approximately located 7.5 cM from r269.2 direction unknown
r269.2          107.40
r694             approximately located 7.0 cM from r269.2 direction unknown
ap1             125.30
r731             approximately located 6.0 cM from ap-1 direction unknown
r756.1          129.19
m237            137.39
r1261.1          approximately located 0.0 cM from m237 direction unknown
rap4c            approximately located 0.0 cM from m237 direction unknown
r239            143.39
r916.4          153.39
