Chromosome : Scolnik_All-II
Locus              cM
r472.1            0.00
m246              7.50
r1212            approximately located 1.5 cM from r1213 direction unknown
r1213            15.10
r1302.2          approximately located 0.0 cM from r340 direction unknown
r340             18.10
r870             approximately located 0.0 cM from r340 direction unknown
rap8m1.1         approximately located 1.5 cM from r340 direction unknown
r238.1           approximately located 0.0 cM from rap11e direction unknown
rap11e           19.29
r1107.3          21.60
r1315.2          approximately located 0.0 cM from r516.1 direction unknown
r1527            approximately located 9.0 cM from r516.1 direction unknown
r516.1           29.20
r1083.1          32.09
r1386.3          approximately located 1.5 cM from r1083.1 direction unknown
r1470.1          approximately located 0.0 cM from r1083.1 direction unknown
r356.1           approximately located 1.5 cM from r1083.1 direction unknown
m216             38.40
r1510            approximately located 3.5 cM from m216 direction unknown
r406.2           approximately located 1.5 cM from m216 direction unknown
r836             approximately located 0.0 cM from m216 direction unknown
r845.2           approximately located 3.0 cM from m216 direction unknown
m605             approximately located 2.5 cM from r906 direction unknown
r906             41.29
r1264            approximately located 3.0 cM from r278.2 direction unknown
r278.2           46.09
r252             53.70
r1363.2          56.50
er               63.29
r1107.2          approximately located 1.0 cM from er direction unknown
m220             approximately located 1.5 cM from m283 direction unknown
m283             74.09
py               approximately located 0.0 cM from m283 direction unknown
r414             approximately located 1.5 cM from m283 direction unknown
g6842            approximately located 2.5 cM from r1623 direction unknown
r1338            approximately located 1.0 cM from r1623 direction unknown
r1623            77.59
r1350.1          82.40
r363.1           91.40
m429             97.40
m336            100.30
m551             approximately located 1.5 cM from m336 direction unknown
r782.1           approximately located 7.5 cM from m336 direction unknown
r849.3           approximately located 1.5 cM from m336 direction unknown
r1150            approximately located 6.0 cM from r552 direction unknown
r552            105.59
r734             approximately located 5.0 cM from r552 direction unknown
