Chromosome : Scolnik_All-III
Locus              cM
g3838             0.00
r356.4           13.90
r1263.2          21.70
r1305            approximately located 3.5 cM from r1263.2 direction unknown
r1373            approximately located 0.0 cM from r1263.2 direction unknown
rap11h           approximately located 4.0 cM from r1263.2 direction unknown
rap13.1          approximately located 2.5 cM from r1263.2 direction unknown
rap13a.1         approximately located 2.5 cM from r1263.2 direction unknown
r1385            25.70
r1469            approximately located 1.5 cM from r1385 direction unknown
m228             32.40
m317             approximately located 0.0 cM from r330 direction unknown
r330             35.50
r512             approximately located 9.0 cM from r330 direction unknown
r257.2           approximately located 5.0 cM from r38 direction unknown
r38              37.79
m255             40.90
m255b            approximately located 3.5 cM from m255 direction unknown
gl1              47.59
r1197            approximately located 1.0 cM from gl-1 direction unknown
r317.2           approximately located 4.0 cM from gl-1 direction unknown
r857.2           approximately located 6.0 cM from gl-1 direction unknown
r1108            approximately located 0.0 cM from r266.2 direction unknown
r1203            approximately located 1.0 cM from r266.2 direction unknown
r1261.2          approximately located 1.0 cM from r266.2 direction unknown
r1363.3          approximately located 6.5 cM from r266.2 direction unknown
r266.2           52.40
r278.1           approximately located 2.5 cM from r266.2 direction unknown
r687             approximately located 7.5 cM from r266.2 direction unknown
r751.3           approximately located 4.5 cM from r266.2 direction unknown
r771             approximately located 0.0 cM from r266.2 direction unknown
r857.1           approximately located 0.0 cM from r266.2 direction unknown
r1470.2          approximately located 4.0 cM from r959.1 direction unknown
r959.1           57.20
m249             approximately located 3.5 cM from r268 direction unknown
r268             59.50
r513             approximately located 5.0 cM from r268 direction unknown
r555             approximately located 4.0 cM from r268 direction unknown
r984.2           approximately located 4.0 cM from r268 direction unknown
r1114            approximately located 4.0 cM from r266.1 direction unknown
r1293.1          approximately located 1.0 cM from r266.1 direction unknown
r251.1           approximately located 6.0 cM from r266.1 direction unknown
r266.1           60.59
r471.2           approximately located 1.5 cM from r266.1 direction unknown
r1379.1          61.70
r1155.2          66.50
r251.2           75.00
r807.1           approximately located 6.0 cM from r251.2 direction unknown
r1399.5          approximately located 2.5 cM from r553 direction unknown
r553             82.59
r1273            approximately located 6.0 cM from r1488 direction unknown
r1488            86.69
r431.2           approximately located 3.5 cM from r1488 direction unknown
r753             91.09
g5966            approximately located 2.5 cM from m424 direction unknown
m115             approximately located 2.5 cM from m424 direction unknown
m424             97.09
r807.2          108.50
