Chromosome : Scolnik_All-V
Locus              cM
r1386.1          approximately located 4.0 cM from r748 direction unknown
r748              0.00
m217              2.90
r1032            approximately located 0.0 cM from m217 direction unknown
r1397.2          approximately located 3.5 cM from m217 direction unknown
r1440.1          approximately located 4.5 cM from m217 direction unknown
r1499.2          approximately located 1.5 cM from m217 direction unknown
r47              approximately located 5.0 cM from m217 direction unknown
g21488            5.10
g4560            13.30
rap12f.1         approximately located 3.0 cM from c4560 direction unknown
m291             17.20
r355.2           22.50
r739.1           approximately located 0.0 cM from r355.2 direction unknown
r903.2           25.00
r1396            36.59
r1499.3          approximately located 6.5 cM from r1396 direction unknown
r1293.2          43.29
r936.2           approximately located 1.5 cM from r1293.2 direction unknown
r1302.3          approximately located 8.5 cM from r276 direction unknown
r1594.2          approximately located 2.5 cM from r276 direction unknown
r276             44.79
r488.1           approximately located 1.5 cM from r276 direction unknown
r688             approximately located 1.5 cM from r276 direction unknown
rap8a            approximately located 0.0 cM from r276 direction unknown
g6856            54.59
r1263.3          approximately located 4.0 cM from r257.1 direction unknown
r257.1           64.09
r1111.1          71.40
r1083.2          approximately located 6.0 cM from r727 direction unknown
r1115            approximately located 9.5 cM from r727 direction unknown
r727             78.80
rap12f.2         94.40
g4028            97.90
tt3              99.00
m117             approximately located 0.0 cM from r1347 direction unknown
r1347           106.59
r1399.3          approximately located 1.0 cM from r1347 direction unknown
r1499.1          approximately located 2.5 cM from r1347 direction unknown
r1281           108.30
r469             approximately located 7.5 cM from r1281 direction unknown
r472.2           approximately located 2.5 cM from r1281 direction unknown
r1107.1          approximately located 2.5 cM from r488.2 direction unknown
r370             approximately located 0.0 cM from r488.2 direction unknown
r488.2          110.00
r1242            approximately located 2.5 cM from r355.1 direction unknown
r355.1          112.69
m435            122.09
r1220            approximately located 3.0 cM from m435 direction unknown
r78              approximately located 5.0 cM from m435 direction unknown
r990             approximately located 4.0 cM from m435 direction unknown
m558            131.39
r238.2           approximately located 3.0 cM from m558 direction unknown
r250             approximately located 1.5 cM from m558 direction unknown
r255             approximately located 5.0 cM from m558 direction unknown
r455             approximately located 7.5 cM from m558 direction unknown
r556             approximately located 0.0 cM from m558 direction unknown
r406.1          135.89
