Chromosome : Scolnik_All-IV
Locus              cM
g6844             0.00
r564.1            8.00
bp               approximately located 12.0 cM from r338 direction unknown
r338             18.20
r751.1           approximately located 4.0 cM from r338 direction unknown
r774             19.60
m506             approximately located 0.0 cM from r993 direction unknown
r1078            approximately located 1.0 cM from r993 direction unknown
r471.1           approximately located 7.0 cM from r993 direction unknown
r849.2           approximately located 2.5 cM from r993 direction unknown
r901.3           approximately located 4.0 cM from r993 direction unknown
r929.1           approximately located 0.0 cM from r993 direction unknown
r936.1           approximately located 0.0 cM from r993 direction unknown
r993             21.10
g2616            approximately located 0.0 cM from m456 direction unknown
m448             approximately located 0.0 cM from m456 direction unknown
m456             24.40
r800.2           approximately located 1.5 cM from m456 direction unknown
rap8i            approximately located 0.0 cM from m456 direction unknown
r1059            approximately located 2.5 cM from r1186 direction unknown
r1186            31.29
r1398            approximately located 10.0 cM from r1186 direction unknown
r356.3           approximately located 4.0 cM from r1186 direction unknown
r738             approximately located 6.0 cM from r1186 direction unknown
r1036.3          36.09
r769.2           approximately located 6.0 cM from r1036.3 direction unknown
r1145            37.40
m210             approximately located 7.0 cM from rap4b direction unknown
r1169.2          approximately located 4.0 cM from rap4b direction unknown
r1399.4          approximately located 6.0 cM from rap4b direction unknown
r1616            approximately located 4.5 cM from rap4b direction unknown
rap4b            43.40
r1478            approximately located 0.0 cM from r362 direction unknown
r362             48.20
r380             approximately located 0.0 cM from r362 direction unknown
r684.1           approximately located 8.0 cM from r362 direction unknown
m326             53.00
m455             approximately located 0.0 cM from m326 direction unknown
m580             approximately located 0.0 cM from m326 direction unknown
r293             approximately located 4.0 cM from m326 direction unknown
r315.3           approximately located 1.5 cM from m326 direction unknown
r1463            approximately located 0.0 cM from r809 direction unknown
r800.1           approximately located 1.0 cM from r809 direction unknown
r809             57.79
r1595.2          approximately located 4.5 cM from r692 direction unknown
r692             61.29
r959.2           approximately located 0.0 cM from r692 direction unknown
r916.2           approximately located 1.5 cM from rap8m3 direction unknown
rap8m3           66.09
m557             67.69
r739.2           approximately located 0.0 cM from m557 direction unknown
r808             approximately located 2.5 cM from m557 direction unknown
cer              71.90
r1300.2          approximately located 2.5 cM from cer direction unknown
r782.2           approximately located 1.0 cM from cer direction unknown
r1169.1          76.59
r901.2           79.00
r516.2           84.59
g17340           96.90
rap8m1.2        106.00
r1302.1         110.80
g3088           116.09
g3713           120.00
r86             127.00
