Chromosome : Visible-I
     Locus        cM    mean chi-squ
       rgn        0.0      3.705
        an        1.0      1.342
      cer1        1.7      3.695
     emb76        3.7      3.745
    emb173        5.9      4.009
       fha       11.7      2.863
      alb1       12.1      1.792
      sex1       13.5      2.811
      chl1       14.6      3.742
     emb30       15.0      3.201
      dis1       18.6      1.373
    emb142       21.9      3.025
       ga4       22.5      0.883
       gai       22.6      1.881
        dw       22.9      3.068
    emb176       24.8      3.109
     emb43       26.7      3.063
       lec       28.5      3.314
    emb127       28.7      2.986
      chs1       33.5      2.811
        gi       33.9      2.966
      act1       35.3      2.811
     emb88       42.3      1.028
      dis2       44.7      0.725
       tt1       55.6      3.766
      chl3       55.9      3.427
       ch1       59.5      0.000
     emb22       63.0      0.610
        le       67.4      0.000
    emb118       70.6      3.260
      cer5       71.2      3.149
    emb128       77.9      2.981
     emb71       85.3      3.265
    emb158       88.3      3.375
        ft       89.7      0.900
      clv2       90.7      3.306
      cer6       97.2      2.830
       ap1      100.8      0.034
     emb25      101.3      3.336
      clv1      111.4      0.196
     emb33      115.9      3.222
     emb36      115.9      1.076
    emb177      117.4      1.134
       gl2      119.6      0.737
       ga2      120.5      0.646
        fe      123.4      2.923

