Chromosome : Visible-V
     Locus        cM    mean chi-squ
       tfl        0.0      1.169
        fy        0.4      1.645
      m447        1.8      1.648
     emb24        2.4      1.154
      m217        3.6      1.663
       tt7        7.1      1.591
    emb175        7.5      1.663
    emb163        8.0      1.656
       hy5        8.8      0.910
      chp7        9.1      1.036
        lu       11.6      0.182
       tt4       14.1      0.918
        co       14.4      0.259
      alb2       15.8      1.050
        pi       21.5      1.153
       ms1       23.8      0.000
     emb86       25.2      1.543
       ttg       29.5      0.000
       ga3       33.7      0.707
        su       36.1      0.828
       ch5       43.6      0.833
       tt2       45.2      0.947
       th2       47.6      1.161
       gl3       54.4      1.151
       tt3       58.1      1.563
      emb9       60.0      1.514
       pgm       64.5      1.675
     emb64       72.2      1.487
      bio1       74.5      1.823
        tz       77.2      1.860
      cer3       82.3      1.868
       lfy       82.9      1.498
     emb87       86.1      1.879
     emb15       86.2      1.843
        yi       86.5      1.926
       min       89.9      1.700
     emb16       91.1      1.902
       aba       97.1      1.751

