rect http://nasc.nott.ac.uk/cgi-bin/w3-msql/mapmaker/synonyms.html 92,18 302,33
rect http://nasc.nott.ac.uk/cgi-bin/w3-msql/mapmaker/marker.html?marker=RS10 250,87 327,100
rect http://nasc.nott.ac.uk/cgi-bin/w3-msql/mapmaker/marker.html?marker=ve001 337,94 421,107
rect http://nasc.nott.ac.uk/cgi-bin/w3-msql/mapmaker/marker.html?marker=PVV4 431,102 508,115
rect http://nasc.nott.ac.uk/cgi-bin/w3-msql/mapmaker/marker.html?marker=ACC2 518,109 595,122
rect http://nasc.nott.ac.uk/cgi-bin/w3-msql/mapmaker/marker.html?marker=nga59 250,117 334,130
rect http://nasc.nott.ac.uk/cgi-bin/w3-msql/mapmaker/marker.html?marker=ATEAT1 344,124 435,137
rect http://nasc.nott.ac.uk/cgi-bin/w3-msql/mapmaker/marker.html?marker=GST1 445,131 522,144
rect http://nasc.nott.ac.uk/cgi-bin/w3-msql/mapmaker/marker.html?marker=agp16 532,139 616,152
rect http://nasc.nott.ac.uk/cgi-bin/w3-msql/mapmaker/marker.html?marker=O846A 20,97 114,110
rect http://nasc.nott.ac.uk/cgi-bin/w3-msql/mapmaker/marker.html?marker=A32 250,146 320,159
rect http://nasc.nott.ac.uk/cgi-bin/w3-msql/mapmaker/marker.html?marker=ve002 330,154 414,167
rect http://nasc.nott.ac.uk/cgi-bin/w3-msql/mapmaker/marker.html?marker=SEP4E 424,161 508,174
rect http://nasc.nott.ac.uk/cgi-bin/w3-msql/mapmaker/marker.html?marker=A1 518,169 581,182
rect http://nasc.nott.ac.uk/cgi-bin/w3-msql/mapmaker/marker.html?marker=g4715a 20,115 121,128
rect http://nasc.nott.ac.uk/cgi-bin/w3-msql/mapmaker/marker.html?marker=m488 20,132 107,145
rect http://nasc.nott.ac.uk/cgi-bin/w3-msql/mapmaker/marker.html?marker=ve004 591,176 675,189
rect http://nasc.nott.ac.uk/cgi-bin/w3-msql/mapmaker/marker.html?marker=ve003 250,183 334,196
rect http://nasc.nott.ac.uk/cgi-bin/w3-msql/mapmaker/marker.html?marker=mi372 20,150 114,163
rect http://nasc.nott.ac.uk/cgi-bin/w3-msql/mapmaker/marker.html?marker=agp102 344,191 435,204
rect http://nasc.nott.ac.uk/cgi-bin/w3-msql/mapmaker/marker.html?marker=GT45_1 445,198 536,211
rect http://nasc.nott.ac.uk/cgi-bin/w3-msql/mapmaker/marker.html?marker=PAI1 546,206 623,219
rect http://nasc.nott.ac.uk/cgi-bin/w3-msql/mapmaker/marker.html?marker=po 250,213 313,226
rect http://nasc.nott.ac.uk/cgi-bin/w3-msql/mapmaker/marker.html?marker=apx1A 20,167 114,180
rect http://nasc.nott.ac.uk/cgi-bin/w3-msql/mapmaker/marker.html?marker=At136c 323,220 414,233
rect http://nasc.nott.ac.uk/cgi-bin/w3-msql/mapmaker/marker.html?marker=cSOD 424,228 501,241
rect http://nasc.nott.ac.uk/cgi-bin/w3-msql/mapmaker/marker.html?marker=mi100 511,235 595,248
rect http://nasc.nott.ac.uk/cgi-bin/w3-msql/mapmaker/marker.html?marker=phyA 250,243 327,256
rect http://nasc.nott.ac.uk/cgi-bin/w3-msql/mapmaker/marker.html?marker=ARR4 337,250 414,263
rect http://nasc.nott.ac.uk/cgi-bin/w3-msql/mapmaker/marker.html?marker=m241A 20,185 114,198
rect http://nasc.nott.ac.uk/cgi-bin/w3-msql/mapmaker/marker.html?marker=mi443 20,202 114,215
rect http://nasc.nott.ac.uk/cgi-bin/w3-msql/mapmaker/marker.html?marker=ve005 424,258 508,271
rect http://nasc.nott.ac.uk/cgi-bin/w3-msql/mapmaker/marker.html?marker=nga63 518,265 602,278
rect http://nasc.nott.ac.uk/cgi-bin/w3-msql/mapmaker/marker.html?marker=CDs14 250,272 334,285
rect http://nasc.nott.ac.uk/cgi-bin/w3-msql/mapmaker/marker.html?marker=BFN1 344,280 421,293
rect http://nasc.nott.ac.uk/cgi-bin/w3-msql/mapmaker/marker.html?marker=hma2 431,287 508,300
rect http://nasc.nott.ac.uk/cgi-bin/w3-msql/mapmaker/marker.html?marker=ATTS0477 20,220 142,233
rect http://nasc.nott.ac.uk/cgi-bin/w3-msql/mapmaker/marker.html?marker=agp20e 518,295 616,308
rect http://nasc.nott.ac.uk/cgi-bin/w3-msql/mapmaker/marker.html?marker=NCC1 250,302 334,315
rect http://nasc.nott.ac.uk/cgi-bin/w3-msql/mapmaker/marker.html?marker=pC1 344,309 421,322
rect http://nasc.nott.ac.uk/cgi-bin/w3-msql/mapmaker/marker.html?marker=pC2 431,317 508,330
rect http://nasc.nott.ac.uk/cgi-bin/w3-msql/mapmaker/marker.html?marker=CDs7 518,324 602,337
rect http://nasc.nott.ac.uk/cgi-bin/w3-msql/mapmaker/marker.html?marker=ve006 250,332 341,345
rect http://nasc.nott.ac.uk/cgi-bin/w3-msql/mapmaker/marker.html?marker=DRL1 351,339 435,352
rect http://nasc.nott.ac.uk/cgi-bin/w3-msql/mapmaker/marker.html?marker=O818 445,347 529,360
rect http://nasc.nott.ac.uk/cgi-bin/w3-msql/mapmaker/marker.html?marker=EG17G9 20,237 128,250
rect http://nasc.nott.ac.uk/cgi-bin/w3-msql/mapmaker/marker.html?marker=g3786 539,354 630,367
rect http://nasc.nott.ac.uk/cgi-bin/w3-msql/mapmaker/marker.html?marker=ve007 20,255 121,268
rect http://nasc.nott.ac.uk/cgi-bin/w3-msql/mapmaker/marker.html?marker=chibi2 250,361 348,374
rect http://nasc.nott.ac.uk/cgi-bin/w3-msql/mapmaker/marker.html?marker=julia.f 358,369 463,382
rect http://nasc.nott.ac.uk/cgi-bin/w3-msql/mapmaker/marker.html?marker=mi348 20,272 121,285
rect http://nasc.nott.ac.uk/cgi-bin/w3-msql/mapmaker/marker.html?marker=PGDH 473,376 557,389
rect http://nasc.nott.ac.uk/cgi-bin/w3-msql/mapmaker/marker.html?marker=mi113 20,290 121,303
rect http://nasc.nott.ac.uk/cgi-bin/w3-msql/mapmaker/marker.html?marker=ve036 567,384 658,397
rect http://nasc.nott.ac.uk/cgi-bin/w3-msql/mapmaker/marker.html?marker=Y3 250,391 320,404
rect http://nasc.nott.ac.uk/cgi-bin/w3-msql/mapmaker/marker.html?marker=E12A11_E 330,398 442,411
rect http://nasc.nott.ac.uk/cgi-bin/w3-msql/mapmaker/marker.html?marker=PSP 452,406 529,419
rect http://nasc.nott.ac.uk/cgi-bin/w3-msql/mapmaker/marker.html?marker=f15571 539,413 637,426
rect http://nasc.nott.ac.uk/cgi-bin/w3-msql/mapmaker/marker.html?marker=ARR7 250,421 334,434
rect http://nasc.nott.ac.uk/cgi-bin/w3-msql/mapmaker/marker.html?marker=LK138 344,428 435,441
rect http://nasc.nott.ac.uk/cgi-bin/w3-msql/mapmaker/marker.html?marker=cor47 445,436 536,449
rect http://nasc.nott.ac.uk/cgi-bin/w3-msql/mapmaker/marker.html?marker=wak1 546,443 630,456
rect http://nasc.nott.ac.uk/cgi-bin/w3-msql/mapmaker/marker.html?marker=mi203 20,307 121,320
rect http://nasc.nott.ac.uk/cgi-bin/w3-msql/mapmaker/marker.html?marker=laf100 250,450 348,463
rect http://nasc.nott.ac.uk/cgi-bin/w3-msql/mapmaker/marker.html?marker=pC3 358,458 435,471
rect http://nasc.nott.ac.uk/cgi-bin/w3-msql/mapmaker/marker.html?marker=g3829 445,465 536,478
rect http://nasc.nott.ac.uk/cgi-bin/w3-msql/mapmaker/marker.html?marker=pFNR 546,473 630,486
rect http://nasc.nott.ac.uk/cgi-bin/w3-msql/mapmaker/marker.html?marker=CAT3 250,480 334,493
rect http://nasc.nott.ac.uk/cgi-bin/w3-msql/mapmaker/marker.html?marker=DHS3 344,487 428,500
rect http://nasc.nott.ac.uk/cgi-bin/w3-msql/mapmaker/marker.html?marker=frohc 438,495 529,508
rect http://nasc.nott.ac.uk/cgi-bin/w3-msql/mapmaker/marker.html?marker=m235 20,325 114,338
rect http://nasc.nott.ac.uk/cgi-bin/w3-msql/mapmaker/marker.html?marker=JD1110 539,502 637,515
rect http://nasc.nott.ac.uk/cgi-bin/w3-msql/mapmaker/marker.html?marker=wx5 250,510 327,523
rect http://nasc.nott.ac.uk/cgi-bin/w3-msql/mapmaker/marker.html?marker=ve037 337,517 428,530
rect http://nasc.nott.ac.uk/cgi-bin/w3-msql/mapmaker/marker.html?marker=mi265 20,342 121,355
rect http://nasc.nott.ac.uk/cgi-bin/w3-msql/mapmaker/marker.html?marker=CEG1 438,525 522,538
rect http://nasc.nott.ac.uk/cgi-bin/w3-msql/mapmaker/marker.html?marker=mi163 20,360 121,373
rect http://nasc.nott.ac.uk/cgi-bin/w3-msql/mapmaker/marker.html?marker=CERX 532,532 616,545
rect http://nasc.nott.ac.uk/cgi-bin/w3-msql/mapmaker/marker.html?marker=ve095 250,539 341,552
rect http://nasc.nott.ac.uk/cgi-bin/w3-msql/mapmaker/marker.html?marker=R64 351,547 428,560
rect http://nasc.nott.ac.uk/cgi-bin/w3-msql/mapmaker/marker.html?marker=L3 20,377 100,390
rect http://nasc.nott.ac.uk/cgi-bin/w3-msql/mapmaker/marker.html?marker=ve008 438,554 529,567
rect http://nasc.nott.ac.uk/cgi-bin/w3-msql/mapmaker/marker.html?marker=mi62 20,395 114,408
rect http://nasc.nott.ac.uk/cgi-bin/w3-msql/mapmaker/marker.html?marker=mi15 20,412 114,425
rect http://nasc.nott.ac.uk/cgi-bin/w3-msql/mapmaker/marker.html?marker=mi111 20,430 121,443
rect http://nasc.nott.ac.uk/cgi-bin/w3-msql/mapmaker/marker.html?marker=mi192 20,447 121,460
rect http://nasc.nott.ac.uk/cgi-bin/w3-msql/mapmaker/marker.html?marker=ve094 539,562 630,575
rect http://nasc.nott.ac.uk/cgi-bin/w3-msql/mapmaker/marker.html?marker=mi116 20,465 121,478
rect http://nasc.nott.ac.uk/cgi-bin/w3-msql/mapmaker/marker.html?marker=nga248 250,569 348,582
rect http://nasc.nott.ac.uk/cgi-bin/w3-msql/mapmaker/marker.html?marker=Fur12F12 358,576 470,589
rect http://nasc.nott.ac.uk/cgi-bin/w3-msql/mapmaker/marker.html?marker=I42 480,584 557,597
rect http://nasc.nott.ac.uk/cgi-bin/w3-msql/mapmaker/marker.html?marker=CDs12 20,482 121,495
rect http://nasc.nott.ac.uk/cgi-bin/w3-msql/mapmaker/marker.html?marker=CATTS039 567,591 679,604
rect http://nasc.nott.ac.uk/cgi-bin/w3-msql/mapmaker/marker.html?marker=Athb_9 250,599 348,612
rect http://nasc.nott.ac.uk/cgi-bin/w3-msql/mapmaker/marker.html?marker=UFO 358,606 435,619
rect http://nasc.nott.ac.uk/cgi-bin/w3-msql/mapmaker/marker.html?marker=ACBP 445,614 529,627
rect http://nasc.nott.ac.uk/cgi-bin/w3-msql/mapmaker/marker.html?marker=ve009 20,500 121,513
rect http://nasc.nott.ac.uk/cgi-bin/w3-msql/mapmaker/marker.html?marker=m254A 20,517 121,530
rect http://nasc.nott.ac.uk/cgi-bin/w3-msql/mapmaker/marker.html?marker=P39B2T7 539,621 644,634
rect http://nasc.nott.ac.uk/cgi-bin/w3-msql/mapmaker/marker.html?marker=m253 20,535 114,548
rect http://nasc.nott.ac.uk/cgi-bin/w3-msql/mapmaker/marker.html?marker=ve010 250,628 341,641
rect http://nasc.nott.ac.uk/cgi-bin/w3-msql/mapmaker/marker.html?marker=mi423a 20,552 128,565
rect http://nasc.nott.ac.uk/cgi-bin/w3-msql/mapmaker/marker.html?marker=AIG1 351,636 435,649
rect http://nasc.nott.ac.uk/cgi-bin/w3-msql/mapmaker/marker.html?marker=RPS18B 445,643 543,656
rect http://nasc.nott.ac.uk/cgi-bin/w3-msql/mapmaker/marker.html?marker=C456_6 553,651 651,664
rect http://nasc.nott.ac.uk/cgi-bin/w3-msql/mapmaker/marker.html?marker=mi63 20,570 114,583
rect http://nasc.nott.ac.uk/cgi-bin/w3-msql/mapmaker/marker.html?marker=mi19 20,587 114,600
rect http://nasc.nott.ac.uk/cgi-bin/w3-msql/mapmaker/marker.html?marker=agp6e 250,658 341,671
rect http://nasc.nott.ac.uk/cgi-bin/w3-msql/mapmaker/marker.html?marker=mi342 20,605 121,618
rect http://nasc.nott.ac.uk/cgi-bin/w3-msql/mapmaker/marker.html?marker=jcc3 351,665 435,678
rect http://nasc.nott.ac.uk/cgi-bin/w3-msql/mapmaker/marker.html?marker=EKRIV 445,673 536,686
rect http://nasc.nott.ac.uk/cgi-bin/w3-msql/mapmaker/marker.html?marker=RCEN1 546,680 637,693
rect http://nasc.nott.ac.uk/cgi-bin/w3-msql/mapmaker/marker.html?marker=intel1_1 250,688 362,701
rect http://nasc.nott.ac.uk/cgi-bin/w3-msql/mapmaker/marker.html?marker=mi133 20,622 121,635
rect http://nasc.nott.ac.uk/cgi-bin/w3-msql/mapmaker/marker.html?marker=GAPB 372,695 456,708
rect http://nasc.nott.ac.uk/cgi-bin/w3-msql/mapmaker/marker.html?marker=T27K12 466,703 564,716
rect http://nasc.nott.ac.uk/cgi-bin/w3-msql/mapmaker/marker.html?marker=mi72 20,640 114,653
rect http://nasc.nott.ac.uk/cgi-bin/w3-msql/mapmaker/marker.html?marker=GRF2 574,710 658,723
rect http://nasc.nott.ac.uk/cgi-bin/w3-msql/mapmaker/marker.html?marker=GRF4 250,717 334,730
rect http://nasc.nott.ac.uk/cgi-bin/w3-msql/mapmaker/marker.html?marker=ju_12 344,725 435,738
rect http://nasc.nott.ac.uk/cgi-bin/w3-msql/mapmaker/marker.html?marker=ju_22 445,732 536,745
rect http://nasc.nott.ac.uk/cgi-bin/w3-msql/mapmaker/marker.html?marker=GRF1 546,740 630,753
rect http://nasc.nott.ac.uk/cgi-bin/w3-msql/mapmaker/marker.html?marker=mi291a 20,657 128,670
rect http://nasc.nott.ac.uk/cgi-bin/w3-msql/mapmaker/marker.html?marker=mi441 20,675 121,688
rect http://nasc.nott.ac.uk/cgi-bin/w3-msql/mapmaker/marker.html?marker=agp25b 250,747 348,760
rect http://nasc.nott.ac.uk/cgi-bin/w3-msql/mapmaker/marker.html?marker=mi208 20,692 121,705
rect http://nasc.nott.ac.uk/cgi-bin/w3-msql/mapmaker/marker.html?marker=JD4818 358,754 456,767
rect http://nasc.nott.ac.uk/cgi-bin/w3-msql/mapmaker/marker.html?marker=MS_1_1 466,762 564,775
rect http://nasc.nott.ac.uk/cgi-bin/w3-msql/mapmaker/marker.html?marker=mi106 20,710 121,723
rect http://nasc.nott.ac.uk/cgi-bin/w3-msql/mapmaker/marker.html?marker=p4 20,727 100,740
rect http://nasc.nott.ac.uk/cgi-bin/w3-msql/mapmaker/marker.html?marker=m213 20,745 114,758
rect http://nasc.nott.ac.uk/cgi-bin/w3-msql/mapmaker/marker.html?marker=ju_11 574,769 665,782
rect http://nasc.nott.ac.uk/cgi-bin/w3-msql/mapmaker/marker.html?marker=MYAC 250,777 334,790
rect http://nasc.nott.ac.uk/cgi-bin/w3-msql/mapmaker/marker.html?marker=RL6 344,784 421,797
rect http://nasc.nott.ac.uk/cgi-bin/w3-msql/mapmaker/marker.html?marker=spl4 431,792 515,805
rect http://nasc.nott.ac.uk/cgi-bin/w3-msql/mapmaker/marker.html?marker=PAP240 525,799 623,812
rect http://nasc.nott.ac.uk/cgi-bin/w3-msql/mapmaker/marker.html?marker=APK100 250,806 348,819
rect http://nasc.nott.ac.uk/cgi-bin/w3-msql/mapmaker/marker.html?marker=tst1 358,814 442,827
rect http://nasc.nott.ac.uk/cgi-bin/w3-msql/mapmaker/marker.html?marker=Lox1 452,821 536,834
rect http://nasc.nott.ac.uk/cgi-bin/w3-msql/mapmaker/marker.html?marker=mi209 20,762 121,775
rect http://nasc.nott.ac.uk/cgi-bin/w3-msql/mapmaker/marker.html?marker=nga128 546,829 644,842
rect http://nasc.nott.ac.uk/cgi-bin/w3-msql/mapmaker/marker.html?marker=nga280 250,836 348,849
rect http://nasc.nott.ac.uk/cgi-bin/w3-msql/mapmaker/marker.html?marker=lk5123 358,843 456,856
rect http://nasc.nott.ac.uk/cgi-bin/w3-msql/mapmaker/marker.html?marker=hma1 466,851 550,864
rect http://nasc.nott.ac.uk/cgi-bin/w3-msql/mapmaker/marker.html?marker=ANUK41 560,858 658,871
rect http://nasc.nott.ac.uk/cgi-bin/w3-msql/mapmaker/marker.html?marker=POP1 250,866 334,879
rect http://nasc.nott.ac.uk/cgi-bin/w3-msql/mapmaker/marker.html?marker=mi303 20,780 121,793
rect http://nasc.nott.ac.uk/cgi-bin/w3-msql/mapmaker/marker.html?marker=M81A7T7 344,873 449,886
rect http://nasc.nott.ac.uk/cgi-bin/w3-msql/mapmaker/marker.html?marker=CDs10 459,881 550,894
rect http://nasc.nott.ac.uk/cgi-bin/w3-msql/mapmaker/marker.html?marker=LLC 560,888 637,901
rect http://nasc.nott.ac.uk/cgi-bin/w3-msql/mapmaker/marker.html?marker=julia.a 250,895 355,908
rect http://nasc.nott.ac.uk/cgi-bin/w3-msql/mapmaker/marker.html?marker=B34 365,903 442,916
rect http://nasc.nott.ac.uk/cgi-bin/w3-msql/mapmaker/marker.html?marker=AtSki2 452,910 550,923
rect http://nasc.nott.ac.uk/cgi-bin/w3-msql/mapmaker/marker.html?marker=ATHGENEA 560,918 672,931
rect http://nasc.nott.ac.uk/cgi-bin/w3-msql/mapmaker/marker.html?marker=FD 250,925 320,938
rect http://nasc.nott.ac.uk/cgi-bin/w3-msql/mapmaker/marker.html?marker=mi259 20,797 121,810
rect http://nasc.nott.ac.uk/cgi-bin/w3-msql/mapmaker/marker.html?marker=mi408 20,815 121,828
rect http://nasc.nott.ac.uk/cgi-bin/w3-msql/mapmaker/marker.html?marker=mi230 20,832 121,845
rect http://nasc.nott.ac.uk/cgi-bin/w3-msql/mapmaker/marker.html?marker=mi304 20,850 121,863
rect http://nasc.nott.ac.uk/cgi-bin/w3-msql/mapmaker/marker.html?marker=g4026 20,867 121,880
rect http://nasc.nott.ac.uk/cgi-bin/w3-msql/mapmaker/marker.html?marker=ARR3 330,932 414,945
rect http://nasc.nott.ac.uk/cgi-bin/w3-msql/mapmaker/marker.html?marker=agp1e 424,940 515,953
rect http://nasc.nott.ac.uk/cgi-bin/w3-msql/mapmaker/marker.html?marker=AS33 525,947 609,960
rect http://nasc.nott.ac.uk/cgi-bin/w3-msql/mapmaker/marker.html?marker=mi324 20,885 121,898
rect http://nasc.nott.ac.uk/cgi-bin/w3-msql/mapmaker/marker.html?marker=mi353 20,902 121,915
rect http://nasc.nott.ac.uk/cgi-bin/w3-msql/mapmaker/marker.html?marker=MW1 250,955 327,968
rect http://nasc.nott.ac.uk/cgi-bin/w3-msql/mapmaker/marker.html?marker=pbs100 337,962 435,975
rect http://nasc.nott.ac.uk/cgi-bin/w3-msql/mapmaker/marker.html?marker=gln1_2 445,970 543,983
rect http://nasc.nott.ac.uk/cgi-bin/w3-msql/mapmaker/marker.html?marker=mi424 20,920 121,933
rect http://nasc.nott.ac.uk/cgi-bin/w3-msql/mapmaker/marker.html?marker=GT13_1 553,977 651,990
rect http://nasc.nott.ac.uk/cgi-bin/w3-msql/mapmaker/marker.html?marker=cyp86 250,984 341,997
rect http://nasc.nott.ac.uk/cgi-bin/w3-msql/mapmaker/marker.html?marker=TOPP3 351,992 442,1005
rect http://nasc.nott.ac.uk/cgi-bin/w3-msql/mapmaker/marker.html?marker=m315 20,937 114,950
rect http://nasc.nott.ac.uk/cgi-bin/w3-msql/mapmaker/marker.html?marker=Atpis 452,999 543,1012
rect http://nasc.nott.ac.uk/cgi-bin/w3-msql/mapmaker/marker.html?marker=CDs8 553,1007 637,1020
rect http://nasc.nott.ac.uk/cgi-bin/w3-msql/mapmaker/marker.html?marker=mi185 20,955 121,968
rect http://nasc.nott.ac.uk/cgi-bin/w3-msql/mapmaker/marker.html?marker=mi193 20,972 121,985
rect http://nasc.nott.ac.uk/cgi-bin/w3-msql/mapmaker/marker.html?marker=pCITf117 20,990 149,1003
rect http://nasc.nott.ac.uk/cgi-bin/w3-msql/mapmaker/marker.html?marker=g4552 20,1007 128,1020
rect http://nasc.nott.ac.uk/cgi-bin/w3-msql/mapmaker/marker.html?marker=G39h2 250,1014 348,1027
rect http://nasc.nott.ac.uk/cgi-bin/w3-msql/mapmaker/marker.html?marker=ju_041 358,1021 463,1034
rect http://nasc.nott.ac.uk/cgi-bin/w3-msql/mapmaker/marker.html?marker=bowman 473,1029 578,1042
rect http://nasc.nott.ac.uk/cgi-bin/w3-msql/mapmaker/marker.html?marker=Tag1 20,1025 121,1038
rect http://nasc.nott.ac.uk/cgi-bin/w3-msql/mapmaker/marker.html?marker=SBG9 588,1036 679,1049
rect http://nasc.nott.ac.uk/cgi-bin/w3-msql/mapmaker/marker.html?marker=Athb13 250,1044 355,1057
rect http://nasc.nott.ac.uk/cgi-bin/w3-msql/mapmaker/marker.html?marker=mi462 20,1042 128,1055
rect http://nasc.nott.ac.uk/cgi-bin/w3-msql/mapmaker/marker.html?marker=mi103 20,1060 128,1073
rect http://nasc.nott.ac.uk/cgi-bin/w3-msql/mapmaker/marker.html?marker=ATTS0251 365,1051 484,1064
rect http://nasc.nott.ac.uk/cgi-bin/w3-msql/mapmaker/marker.html?marker=c12 494,1059 578,1072
rect http://nasc.nott.ac.uk/cgi-bin/w3-msql/mapmaker/marker.html?marker=PKNAT_22 20,1077 149,1090
rect http://nasc.nott.ac.uk/cgi-bin/w3-msql/mapmaker/marker.html?marker=m453A 588,1066 686,1079
rect http://nasc.nott.ac.uk/cgi-bin/w3-msql/mapmaker/marker.html?marker=PAB5 250,1073 341,1086
rect http://nasc.nott.ac.uk/cgi-bin/w3-msql/mapmaker/marker.html?marker=nga111 351,1081 456,1094
rect http://nasc.nott.ac.uk/cgi-bin/w3-msql/mapmaker/marker.html?marker=GER1 466,1088 557,1101
rect http://nasc.nott.ac.uk/cgi-bin/w3-msql/mapmaker/marker.html?marker=h77224 567,1096 672,1109
rect http://nasc.nott.ac.uk/cgi-bin/w3-msql/mapmaker/marker.html?marker=BW54 250,1103 341,1116
rect http://nasc.nott.ac.uk/cgi-bin/w3-msql/mapmaker/marker.html?marker=z13G 351,1110 442,1123
rect http://nasc.nott.ac.uk/cgi-bin/w3-msql/mapmaker/marker.html?marker=mi425 20,1095 128,1108
rect http://nasc.nott.ac.uk/cgi-bin/w3-msql/mapmaker/marker.html?marker=PR5 20,1112 114,1125
rect http://nasc.nott.ac.uk/cgi-bin/w3-msql/mapmaker/marker.html?marker=ADH 452,1118 536,1131
rect http://nasc.nott.ac.uk/cgi-bin/w3-msql/mapmaker/marker.html?marker=m532 20,1130 121,1143
rect http://nasc.nott.ac.uk/cgi-bin/w3-msql/mapmaker/marker.html?marker=ATskp1 546,1125 651,1138
rect http://nasc.nott.ac.uk/cgi-bin/w3-msql/mapmaker/marker.html?marker=I6 250,1133 327,1146
rect http://nasc.nott.ac.uk/cgi-bin/w3-msql/mapmaker/marker.html?marker=atxrn2_2 337,1140 456,1153
rect http://nasc.nott.ac.uk/cgi-bin/w3-msql/mapmaker/marker.html?marker=ATHATPAS 466,1148 585,1161
rect http://nasc.nott.ac.uk/cgi-bin/w3-msql/mapmaker/marker.html?marker=pPC8.94 595,1155 707,1168
rect http://nasc.nott.ac.uk/cgi-bin/w3-msql/mapmaker/marker.html?marker=DHA 250,1162 334,1175
rect http://nasc.nott.ac.uk/cgi-bin/w3-msql/mapmaker/marker.html?marker=ve011 344,1170 442,1183
rect http://nasc.nott.ac.uk/cgi-bin/w3-msql/mapmaker/marker.html?marker=agp15e 452,1177 557,1190
rect http://nasc.nott.ac.uk/cgi-bin/w3-msql/mapmaker/marker.html?marker=agp64 567,1185 665,1198
rect http://nasc.nott.ac.uk/cgi-bin/w3-msql/mapmaker/marker.html?marker=ve043 20,1147 128,1160
rect http://nasc.nott.ac.uk/cgi-bin/w3-msql/mapmaker/marker.html?marker=m132A 20,1165 128,1178
rect http://nasc.nott.ac.uk/cgi-bin/w3-msql/mapmaker/marker.html?marker=mi157 20,1182 128,1195
rect http://nasc.nott.ac.uk/cgi-bin/w3-msql/mapmaker/marker.html?marker=g17311 20,1200 135,1213
rect http://nasc.nott.ac.uk/cgi-bin/w3-msql/mapmaker/marker.html?marker=petE 250,1192 341,1205
rect http://nasc.nott.ac.uk/cgi-bin/w3-msql/mapmaker/marker.html?marker=pAtT32CX 351,1200 470,1213
